Component: ARM Compiler 5.05 update 1 (build 106) Tool: armlink [4d0efa]

==============================================================================

Section Cross References

    main.o(i.jpeg_data_process) refers to lcd.o(i.LCD_SetCursor) for LCD_SetCursor
    main.o(i.jpeg_data_process) refers to lcd.o(i.LCD_WriteRAM_Prepare) for LCD_WriteRAM_Prepare
    main.o(i.jpeg_data_process) refers to main.o(.data) for .data
    main.o(i.jpeg_data_process) refers to dcmi.o(.bss) for DMADMCI_Handler
    main.o(i.jpeg_data_process) refers to main.o(.ARM.__AT_0xC01F4000) for .ARM.__AT_0xC01F4000
    main.o(i.jpeg_data_process) refers to main.o(.bss) for .bss
    main.o(i.jpeg_dcmi_rx_callback) refers to main.o(.ARM.__AT_0xC01F4000) for .ARM.__AT_0xC01F4000
    main.o(i.jpeg_dcmi_rx_callback) refers to main.o(.data) for .data
    main.o(i.jpeg_dcmi_rx_callback) refers to dcmi.o(.bss) for DMADMCI_Handler
    main.o(i.jpeg_dcmi_rx_callback) refers to main.o(.bss) for .bss
    main.o(i.jpeg_test) refers to _printf_percent.o(.ARM.Collect$$_printf_percent$$00000000) for _printf_percent
    main.o(i.jpeg_test) refers to _printf_s.o(.ARM.Collect$$_printf_percent$$00000014) for _printf_s
    main.o(i.jpeg_test) refers to _printf_str.o(.text) for _printf_str
    main.o(i.jpeg_test) refers to _printf_d.o(.ARM.Collect$$_printf_percent$$00000009) for _printf_d
    main.o(i.jpeg_test) refers to _printf_dec.o(.text) for _printf_int_dec
    main.o(i.jpeg_test) refers to lcd.o(i.LCD_Clear) for LCD_Clear
    main.o(i.jpeg_test) refers to lcd.o(i.LCD_ShowString) for LCD_ShowString
    main.o(i.jpeg_test) refers to noretval__2sprintf.o(.text) for __2sprintf
    main.o(i.jpeg_test) refers to ov5640.o(i.OV5640_RGB565_Mode) for OV5640_RGB565_Mode
    main.o(i.jpeg_test) refers to ov5640.o(i.OV5640_Focus_Init) for OV5640_Focus_Init
    main.o(i.jpeg_test) refers to ov5640.o(i.OV5640_JPEG_Mode) for OV5640_JPEG_Mode
    main.o(i.jpeg_test) refers to ov5640.o(i.OV5640_Light_Mode) for OV5640_Light_Mode
    main.o(i.jpeg_test) refers to ov5640.o(i.OV5640_Color_Saturation) for OV5640_Color_Saturation
    main.o(i.jpeg_test) refers to ov5640.o(i.OV5640_Brightness) for OV5640_Brightness
    main.o(i.jpeg_test) refers to ov5640.o(i.OV5640_Contrast) for OV5640_Contrast
    main.o(i.jpeg_test) refers to ov5640.o(i.OV5640_Sharpness) for OV5640_Sharpness
    main.o(i.jpeg_test) refers to ov5640.o(i.OV5640_Focus_Constant) for OV5640_Focus_Constant
    main.o(i.jpeg_test) refers to dcmi.o(i.DCMI_Init) for DCMI_Init
    main.o(i.jpeg_test) refers to dcmi.o(i.DCMI_DMA_Init) for DCMI_DMA_Init
    main.o(i.jpeg_test) refers to ov5640.o(i.OV5640_OutSize_Set) for OV5640_OutSize_Set
    main.o(i.jpeg_test) refers to dcmi.o(i.DCMI_Start) for DCMI_Start
    main.o(i.jpeg_test) refers to noretval__2printf.o(.text) for __2printf
    main.o(i.jpeg_test) refers to key.o(i.KEY_Scan) for KEY_Scan
    main.o(i.jpeg_test) refers to ov5640.o(i.OV5640_Focus_Single) for OV5640_Focus_Single
    main.o(i.jpeg_test) refers to ov5640.o(i.OV5640_Special_Effects) for OV5640_Special_Effects
    main.o(i.jpeg_test) refers to lcd.o(i.LCD_Fill) for LCD_Fill
    main.o(i.jpeg_test) refers to delay.o(i.delay_ms) for delay_ms
    main.o(i.jpeg_test) refers to lcd.o(.data) for POINT_COLOR
    main.o(i.jpeg_test) refers to main.o(.data) for .data
    main.o(i.jpeg_test) refers to main.o(i.jpeg_dcmi_rx_callback) for jpeg_dcmi_rx_callback
    main.o(i.jpeg_test) refers to dcmi.o(.data) for dcmi_rx_callback
    main.o(i.jpeg_test) refers to main.o(.bss) for .bss
    main.o(i.jpeg_test) refers to main.o(.constdata) for .constdata
    main.o(i.jpeg_test) refers to main.o(.ARM.__AT_0xC01F4000) for .ARM.__AT_0xC01F4000
    main.o(i.main) refers to sys.o(i.Cache_Enable) for Cache_Enable
    main.o(i.main) refers to mpu.o(i.MPU_Memory_Protection) for MPU_Memory_Protection
    main.o(i.main) refers to stm32f7xx_hal.o(i.HAL_Init) for HAL_Init
    main.o(i.main) refers to sys.o(i.Stm32_Clock_Init) for Stm32_Clock_Init
    main.o(i.main) refers to delay.o(i.delay_init) for delay_init
    main.o(i.main) refers to usart.o(i.uart_init) for uart_init
    main.o(i.main) refers to usart2.o(i.usart2_init) for usart2_init
    main.o(i.main) refers to led.o(i.LED_Init) for LED_Init
    main.o(i.main) refers to key.o(i.KEY_Init) for KEY_Init
    main.o(i.main) refers to sdram.o(i.SDRAM_Init) for SDRAM_Init
    main.o(i.main) refers to lcd.o(i.LCD_Init) for LCD_Init
    main.o(i.main) refers to timer.o(i.TIM3_Init) for TIM3_Init
    main.o(i.main) refers to lcd.o(i.LCD_ShowString) for LCD_ShowString
    main.o(i.main) refers to stm32f7xx_hal_rcc.o(i.HAL_RCC_GetSysClockFreq) for HAL_RCC_GetSysClockFreq
    main.o(i.main) refers to mt9v034.o(i.mt9v034_context_configuration) for mt9v034_context_configuration
    main.o(i.main) refers to lcd.o(i.LCD_ShowxNum) for LCD_ShowxNum
    main.o(i.main) refers to delay.o(i.delay_ms) for delay_ms
[...]
    .data                                    0x20020180   Section      244  usmart_config.o(.data)
    .bss                                     0x20020274   Section    16384  main.o(.bss)
    .bss                                     0x20024274   Section      312  usart.o(.bss)
    .bss                                     0x200243ac   Section       52  sdram.o(.bss)
    .bss                                     0x200243e0   Section       90  lcd.o(.bss)
    .bss                                     0x2002443c   Section      200  ltdc.o(.bss)
    .bss                                     0x20024504   Section       60  timer.o(.bss)
    .bss                                     0x20024540   Section      112  usart2.o(.bss)
    .bss                                     0x200245b0   Section      176  dcmi.o(.bss)
    .bss                                     0x20024660   Section      760  settings.o(.bss)
    .bss                                     0x20024958   Section       60  usmart.o(.bss)
    .bss                                     0x20024994   Section       96  libspace.o(.bss)
    HEAP                                     0x200249f8   Section      512  startup_stm32f767xx.o(HEAP)
    Heap_Mem                                 0x200249f8   Data         512  startup_stm32f767xx.o(HEAP)
    STACK                                    0x20024bf8   Section     1024  startup_stm32f767xx.o(STACK)
    Stack_Mem                                0x20024bf8   Data        1024  startup_stm32f767xx.o(STACK)
    __initial_sp                             0x20024ff8   Data           0  startup_stm32f767xx.o(STACK)
    .ARM.__AT_0xC0000000                     0xc0000000   Section    2048000  ltdc.o(.ARM.__AT_0xC0000000)
    .ARM.__AT_0xC01F4000                     0xc01f4000   Section    125829120  main.o(.ARM.__AT_0xC01F4000)

    Global Symbols

    Symbol Name                              Value     Ov Type        Size  Object(Section)

    BuildAttributes$$THM_ISAv4$E$P$D$K$B$S$7EM$VFPv5_D16$PE$PLD8$A:L22UL41UL21$X:L11$S22US41US21$IEEE1$IW$USESV6$~STKCKD$USESV7$~SHL$OTIME$ROPI$EBA8$UX$STANDARDLIB$REQ8$PRES8$EABIv2 0x00000000   Number         0  anon$$obj.o ABSOLUTE
    __ARM_use_no_argv                        0x00000000   Number         0  main.o ABSOLUTE
    _printf_flags                            0x00000000   Number         0  printf_stubs.o ABSOLUTE
    _printf_return_value                     0x00000000   Number         0  printf_stubs.o ABSOLUTE
    _printf_sizespec                         0x00000000   Number         0  printf_stubs.o ABSOLUTE
    _printf_widthprec                        0x00000000   Number         0  printf_stubs.o ABSOLUTE
    __ARM_exceptions_init                     - Undefined Weak Reference
    __alloca_initialize                       - Undefined Weak Reference
    __arm_preinit_                            - Undefined Weak Reference
    __cpp_initialize__aeabi_                  - Undefined Weak Reference
    __cxa_finalize                            - Undefined Weak Reference
    __rt_locale                               - Undefined Weak Reference
    __sigvec_lookup                           - Undefined Weak Reference
    _atexit_init                              - Undefined Weak Reference
    _call_atexit_fns                          - Undefined Weak Reference
    _clock_init                               - Undefined Weak Reference
    _fp_trap_init                             - Undefined Weak Reference
    _fp_trap_shutdown                         - Undefined Weak Reference
    _get_lc_collate                           - Undefined Weak Reference
    _get_lc_ctype                             - Undefined Weak Reference
    _get_lc_monetary                          - Undefined Weak Reference
    _get_lc_numeric                           - Undefined Weak Reference
    _get_lc_time                              - Undefined Weak Reference
    _getenv_init                              - Undefined Weak Reference
    _handle_redirection                       - Undefined Weak Reference
    _init_alloc                               - Undefined Weak Reference
    _init_user_alloc                          - Undefined Weak Reference
    _initio                                   - Undefined Weak Reference
    _mutex_acquire                            - Undefined Weak Reference
    _mutex_release                            - Undefined Weak Reference
    _printf_mbtowc                            - Undefined Weak Reference
    _printf_truncate_signed                   - Undefined Weak Reference
    _printf_truncate_unsigned                 - Undefined Weak Reference
    _rand_init                                - Undefined Weak Reference
    _signal_finish                            - Undefined Weak Reference
    _signal_init                              - Undefined Weak Reference
    _terminate_alloc                          - Undefined Weak Reference
    _terminate_user_alloc                     - Undefined Weak Reference
    _terminateio                              - Undefined Weak Reference
    __Vectors_Size                           0x000001f8   Number         0  startup_stm32f767xx.o ABSOLUTE
    __Vectors                                0x08000000   Data           4  startup_stm32f767xx.o(RESET)
    __Vectors_End                            0x080001f8   Data           0  startup_stm32f767xx.o(RESET)
    __main                                   0x080001f9   Thumb Code     8  __main.o(!!!main)
    __scatterload                            0x08000201   Thumb Code     0  __scatter.o(!!!scatter)
    __scatterload_rt2                        0x08000201   Thumb Code    44  __scatter.o(!!!scatter)
    __scatterload_rt2_thumb_only             0x08000201   Thumb Code     0  __scatter.o(!!!scatter)
    __scatterload_null                       0x0800020f   Thumb Code     0  __scatter.o(!!!scatter)
    __decompress                             0x08000235   Thumb Code    90  __dczerorl2.o(!!dczerorl2)
    __decompress1                            0x08000235   Thumb Code     0  __dczerorl2.o(!!dczerorl2)
    __scatterload_zeroinit                   0x08000291   Thumb Code    28  __scatter_zi.o(!!handler_zi)
    _printf_d                                0x080002ad   Thumb Code     0  _printf_d.o(.ARM.Collect$$_printf_percent$$00000009)
    _printf_percent                          0x080002ad   Thumb Code     0  _printf_percent.o(.ARM.Collect$$_printf_percent$$00000000)
    _printf_u                                0x080002b3   Thumb Code     0  _printf_u.o(.ARM.Collect$$_printf_percent$$0000000A)
    _printf_x                                0x080002b9   Thumb Code     0  _printf_x.o(.ARM.Collect$$_printf_percent$$0000000C)
    _printf_c                                0x080002bf   Thumb Code     0  _printf_c.o(.ARM.Collect$$_printf_percent$$00000013)
    _printf_s                                0x080002c5   Thumb Code     0  _printf_s.o(.ARM.Collect$$_printf_percent$$00000014)
    _printf_percent_end                      0x080002cb   Thumb Code     0  _printf_percent_end.o(.ARM.Collect$$_printf_percent$$00000017)
    __rt_lib_init                            0x080002cf   Thumb Code     0  libinit.o(.ARM.Collect$$libinit$$00000000)
    __rt_lib_init_fp_1                       0x080002d1   Thumb Code     0  libinit2.o(.ARM.Collect$$libinit$$00000001)
    __rt_lib_init_alloca_1                   0x080002d5   Thumb Code     0  libinit2.o(.ARM.Collect$$libinit$$0000002E)
    __rt_lib_init_argv_1                     0x080002d5   Thumb Code     0  libinit2.o(.ARM.Collect$$libinit$$0000002C)
    __rt_lib_init_atexit_1                   0x080002d5   Thumb Code     0  libinit2.o(.ARM.Collect$$libinit$$0000001B)
    __rt_lib_init_clock_1                    0x080002d5   Thumb Code     0  libinit2.o(.ARM.Collect$$libinit$$00000021)
    __rt_lib_init_cpp_1                      0x080002d5   Thumb Code     0  libinit2.o(.ARM.Collect$$libinit$$00000032)
    __rt_lib_init_exceptions_1               0x080002d5   Thumb Code     0  libinit2.o(.ARM.Collect$$libinit$$00000030)
    __rt_lib_init_fp_trap_1                  0x080002d5   Thumb Code     0  libinit2.o(.ARM.Collect$$libinit$$0000001F)
    __rt_lib_init_getenv_1                   0x080002d5   Thumb Code     0  libinit2.o(.ARM.Collect$$libinit$$00000023)
    __rt_lib_init_heap_1                     0x080002d5   Thumb Code     0  libinit2.o(.ARM.Collect$$libinit$$0000000A)
    __rt_lib_init_lc_collate_1               0x080002d5   Thumb Code     0  libinit2.o(.ARM.Collect$$libinit$$00000011)
    __rt_lib_init_lc_ctype_1                 0x080002d5   Thumb Code     0  libinit2.o(.ARM.Collect$$libinit$$00000013)
    __rt_lib_init_lc_monetary_1              0x080002d5   Thumb Code     0  libinit2.o(.ARM.Collect$$libinit$$00000015)
    __rt_lib_init_lc_numeric_1               0x080002d5   Thumb Code     0  libinit2.o(.ARM.Collect$$libinit$$00000017)
    __rt_lib_init_lc_time_1                  0x080002d5   Thumb Code     0  libinit2.o(.ARM.Collect$$libinit$$00000019)
    __rt_lib_init_preinit_1                  0x080002d5   Thumb Code     0  libinit2.o(.ARM.Collect$$libinit$$00000004)
    __rt_lib_init_rand_1                     0x080002d5   Thumb Code     0  libinit2.o(.ARM.Collect$$libinit$$0000000E)
    __rt_lib_init_return                     0x080002d5   Thumb Code     0  libinit2.o(.ARM.Collect$$libinit$$00000033)
    __rt_lib_init_signal_1                   0x080002d5   Thumb Code     0  libinit2.o(.ARM.Collect$$libinit$$0000001D)
    __rt_lib_init_stdio_1                    0x080002d5   Thumb Code     0  libinit2.o(.ARM.Collect$$libinit$$00000025)
    __rt_lib_init_user_alloc_1               0x080002d5   Thumb Code     0  libinit2.o(.ARM.Collect$$libinit$$0000000C)
    __rt_lib_shutdown                        0x080002d7   Thumb Code     0  libshutdown.o(.ARM.Collect$$libshutdown$$00000000)
    __rt_lib_shutdown_fp_trap_1              0x080002d9   Thumb Code     0  libshutdown2.o(.ARM.Collect$$libshutdown$$00000006)
    __rt_lib_shutdown_heap_1                 0x080002d9   Thumb Code     0  libshutdown2.o(.ARM.Collect$$libshutdown$$0000000E)
    __rt_lib_shutdown_return                 0x080002d9   Thumb Code     0  libshutdown2.o(.ARM.Collect$$libshutdown$$0000000F)
    __rt_lib_shutdown_signal_1               0x080002d9   Thumb Code     0  libshutdown2.o(.ARM.Collect$$libshutdown$$00000009)
    __rt_lib_shutdown_stdio_1                0x080002d9   Thumb Code     0  libshutdown2.o(.ARM.Collect$$libshutdown$$00000003)
    __rt_lib_shutdown_user_alloc_1           0x080002d9   Thumb Code     0  libshutdown2.o(.ARM.Collect$$libshutdown$$0000000B)
    __rt_entry                               0x080002db   Thumb Code     0  __rtentry.o(.ARM.Collect$$rtentry$$00000000)
    __rt_entry_presh_1                       0x080002db   Thumb Code     0  __rtentry2.o(.ARM.Collect$$rtentry$$00000002)
    __rt_entry_sh                            0x080002db   Thumb Code     0  __rtentry4.o(.ARM.Collect$$rtentry$$00000004)
    __rt_entry_li                            0x080002e1   Thumb Code     0  __rtentry2.o(.ARM.Collect$$rtentry$$0000000A)
    __rt_entry_postsh_1                      0x080002e1   Thumb Code     0  __rtentry2.o(.ARM.Collect$$rtentry$$00000009)
    __rt_entry_main                          0x080002e5   Thumb Code     0  __rtentry2.o(.ARM.Collect$$rtentry$$0000000D)
    __rt_entry_postli_1                      0x080002e5   Thumb Code     0  __rtentry2.o(.ARM.Collect$$rtentry$$0000000C)
    __rt_exit                                0x080002ed   Thumb Code     0  rtexit.o(.ARM.Collect$$rtexit$$00000000)
    __rt_exit_ls                             0x080002ef   Thumb Code     0  rtexit2.o(.ARM.Collect$$rtexit$$00000003)
    __rt_exit_prels_1                        0x080002ef   Thumb Code     0  rtexit2.o(.ARM.Collect$$rtexit$$00000002)
    __rt_exit_exit                           0x080002f3   Thumb Code     0  rtexit2.o(.ARM.Collect$$rtexit$$00000004)
    Reset_Handler                            0x080002f9   Thumb Code     8  startup_stm32f767xx.o(.text)
    ADC_IRQHandler                           0x08000313   Thumb Code     0  startup_stm32f767xx.o(.text)
    CAN1_RX0_IRQHandler                      0x08000313   Thumb Code     0  startup_stm32f767xx.o(.text)
    CAN1_RX1_IRQHandler                      0x08000313   Thumb Code     0  startup_stm32f767xx.o(.text)
    CAN1_SCE_IRQHandler                      0x08000313   Thumb Code     0  startup_stm32f767xx.o(.text)
    CAN1_TX_IRQHandler                       0x08000313   Thumb Code     0  startup_stm32f767xx.o(.text)
    CAN2_RX0_IRQHandler                      0x08000313   Thumb Code     0  startup_stm32f767xx.o(.text)
    CAN2_RX1_IRQHandler                      0x08000313   Thumb Code     0  startup_stm32f767xx.o(.text)
    CAN2_SCE_IRQHandler                      0x08000313   Thumb Code     0  startup_stm32f767xx.o(.text)
    CAN2_TX_IRQHandler                       0x08000313   Thumb Code     0  startup_stm32f767xx.o(.text)
    CAN3_RX0_IRQHandler                      0x08000313   Thumb Code     0  startup_stm32f767xx.o(.text)
    CAN3_RX1_IRQHandler                      0x08000313   Thumb Code     0  startup_stm32f767xx.o(.text)
    CAN3_SCE_IRQHandler                      0x08000313   Thumb Code     0  startup_stm32f767xx.o(.text)
    CAN3_TX_IRQHandler                       0x08000313   Thumb Code     0  startup_stm32f767xx.o(.text)
    CEC_IRQHandler                           0x08000313   Thumb Code     0  startup_stm32f767xx.o(.text)
    DFSDM1_FLT0_IRQHandler                   0x08000313   Thumb Code     0  startup_stm32f767xx.o(.text)
    DFSDM1_FLT1_IRQHandler                   0x08000313   Thumb Code     0  startup_stm32f767xx.o(.text)
    DFSDM1_FLT2_IRQHandler                   0x08000313   Thumb Code     0  startup_stm32f767xx.o(.text)
    DFSDM1_FLT3_IRQHandler                   0x08000313   Thumb Code     0  startup_stm32f767xx.o(.text)
    DMA1_Stream0_IRQHandler                  0x08000313   Thumb Code     0  startup_stm32f767xx.o(.text)
    DMA1_Stream1_IRQHandler                  0x08000313   Thumb Code     0  startup_stm32f767xx.o(.text)
    DMA1_Stream2_IRQHandler                  0x08000313   Thumb Code     0  startup_stm32f767xx.o(.text)
    DMA1_Stream3_IRQHandler                  0x08000313   Thumb Code     0  startup_stm32f767xx.o(.text)
    DMA1_Stream4_IRQHandler                  0x08000313   Thumb Code     0  startup_stm32f767xx.o(.text)
    DMA1_Stream5_IRQHandler                  0x08000313   Thumb Code     0  startup_stm32f767xx.o(.text)
    DMA1_Stream6_IRQHandler                  0x08000313   Thumb Code     0  startup_stm32f767xx.o(.text)
    DMA1_Stream7_IRQHandler                  0x08000313   Thumb Code     0  startup_stm32f767xx.o(.text)
    DMA2D_IRQHandler                         0x08000313   Thumb Code     0  startup_stm32f767xx.o(.text)
    DMA2_Stream0_IRQHandler                  0x08000313   Thumb Code     0  startup_stm32f767xx.o(.text)
    DMA2_Stream2_IRQHandler                  0x08000313   Thumb Code     0  startup_stm32f767xx.o(.text)
    DMA2_Stream3_IRQHandler                  0x08000313   Thumb Code     0  startup_stm32f767xx.o(.text)
    DMA2_Stream4_IRQHandler                  0x08000313   Thumb Code     0  startup_stm32f767xx.o(.text)
    DMA2_Stream5_IRQHandler                  0x08000313   Thumb Code     0  startup_stm32f767xx.o(.text)
    DMA2_Stream6_IRQHandler                  0x08000313   Thumb Code     0  startup_stm32f767xx.o(.text)
    DMA2_Stream7_IRQHandler                  0x08000313   Thumb Code     0  startup_stm32f767xx.o(.text)
    ETH_IRQHandler                           0x08000313   Thumb Code     0  startup_stm32f767xx.o(.text)
    ETH_WKUP_IRQHandler                      0x08000313   Thumb Code     0  startup_stm32f767xx.o(.text)
    EXTI0_IRQHandler                         0x08000313   Thumb Code     0  startup_stm32f767xx.o(.text)
    EXTI15_10_IRQHandler                     0x08000313   Thumb Code     0  startup_stm32f767xx.o(.text)
    EXTI1_IRQHandler                         0x08000313   Thumb Code     0  startup_stm32f767xx.o(.text)
    EXTI2_IRQHandler                         0x08000313   Thumb Code     0  startup_stm32f767xx.o(.text)
    EXTI3_IRQHandler                         0x08000313   Thumb Code     0  startup_stm32f767xx.o(.text)
    EXTI4_IRQHandler                         0x08000313   Thumb Code     0  startup_stm32f767xx.o(.text)
    EXTI9_5_IRQHandler                       0x08000313   Thumb Code     0  startup_stm32f767xx.o(.text)
    FLASH_IRQHandler                         0x08000313   Thumb Code     0  startup_stm32f767xx.o(.text)
    FMC_IRQHandler                           0x08000313   Thumb Code     0  startup_stm32f767xx.o(.text)
    FPU_IRQHandler                           0x08000313   Thumb Code     0  startup_stm32f767xx.o(.text)
    I2C1_ER_IRQHandler                       0x08000313   Thumb Code     0  startup_stm32f767xx.o(.text)
    I2C1_EV_IRQHandler                       0x08000313   Thumb Code     0  startup_stm32f767xx.o(.text)
    I2C2_ER_IRQHandler                       0x08000313   Thumb Code     0  startup_stm32f767xx.o(.text)
    I2C2_EV_IRQHandler                       0x08000313   Thumb Code     0  startup_stm32f767xx.o(.text)
    I2C3_ER_IRQHandler                       0x08000313   Thumb Code     0  startup_stm32f767xx.o(.text)
    I2C3_EV_IRQHandler                       0x08000313   Thumb Code     0  startup_stm32f767xx.o(.text)
    I2C4_ER_IRQHandler                       0x08000313   Thumb Code     0  startup_stm32f767xx.o(.text)
    I2C4_EV_IRQHandler                       0x08000313   Thumb Code     0  startup_stm32f767xx.o(.text)
    JPEG_IRQHandler                          0x08000313   Thumb Code     0  startup_stm32f767xx.o(.text)
    LPTIM1_IRQHandler                        0x08000313   Thumb Code     0  startup_stm32f767xx.o(.text)
    LTDC_ER_IRQHandler                       0x08000313   Thumb Code     0  startup_stm32f767xx.o(.text)
    LTDC_IRQHandler                          0x08000313   Thumb Code     0  startup_stm32f767xx.o(.text)
    MDIOS_IRQHandler                         0x08000313   Thumb Code     0  startup_stm32f767xx.o(.text)
    OTG_FS_IRQHandler                        0x08000313   Thumb Code     0  startup_stm32f767xx.o(.text)
    OTG_FS_WKUP_IRQHandler                   0x08000313   Thumb Code     0  startup_stm32f767xx.o(.text)
    OTG_HS_EP1_IN_IRQHandler                 0x08000313   Thumb Code     0  startup_stm32f767xx.o(.text)
    OTG_HS_EP1_OUT_IRQHandler                0x08000313   Thumb Code     0  startup_stm32f767xx.o(.text)
    OTG_HS_IRQHandler                        0x08000313   Thumb Code     0  startup_stm32f767xx.o(.text)
    OTG_HS_WKUP_IRQHandler                   0x08000313   Thumb Code     0  startup_stm32f767xx.o(.text)
    PVD_IRQHandler                           0x08000313   Thumb Code     0  startup_stm32f767xx.o(.text)
    QUADSPI_IRQHandler                       0x08000313   Thumb Code     0  startup_stm32f767xx.o(.text)
    RCC_IRQHandler                           0x08000313   Thumb Code     0  startup_stm32f767xx.o(.text)
    RNG_IRQHandler                           0x08000313   Thumb Code     0  startup_stm32f767xx.o(.text)
    RTC_Alarm_IRQHandler                     0x08000313   Thumb Code     0  startup_stm32f767xx.o(.text)
    RTC_WKUP_IRQHandler                      0x08000313   Thumb Code     0  startup_stm32f767xx.o(.text)
    SAI1_IRQHandler                          0x08000313   Thumb Code     0  startup_stm32f767xx.o(.text)
    SAI2_IRQHandler                          0x08000313   Thumb Code     0  startup_stm32f767xx.o(.text)
    SDMMC1_IRQHandler                        0x08000313   Thumb Code     0  startup_stm32f767xx.o(.text)
    SDMMC2_IRQHandler                        0x08000313   Thumb Code     0  startup_stm32f767xx.o(.text)
    SPDIF_RX_IRQHandler                      0x08000313   Thumb Code     0  startup_stm32f767xx.o(.text)
    SPI1_IRQHandler                          0x08000313   Thumb Code     0  startup_stm32f767xx.o(.text)
    SPI2_IRQHandler                          0x08000313   Thumb Code     0  startup_stm32f767xx.o(.text)
    SPI3_IRQHandler                          0x08000313   Thumb Code     0  startup_stm32f767xx.o(.text)
    SPI4_IRQHandler                          0x08000313   Thumb Code     0  startup_stm32f767xx.o(.text)
    SPI5_IRQHandler                          0x08000313   Thumb Code     0  startup_stm32f767xx.o(.text)
    SPI6_IRQHandler                          0x08000313   Thumb Code     0  startup_stm32f767xx.o(.text)
    TAMP_STAMP_IRQHandler                    0x08000313   Thumb Code     0  startup_stm32f767xx.o(.text)
    TIM1_BRK_TIM9_IRQHandler                 0x08000313   Thumb Code     0  startup_stm32f767xx.o(.text)
    TIM1_CC_IRQHandler                       0x08000313   Thumb Code     0  startup_stm32f767xx.o(.text)
    TIM1_TRG_COM_TIM11_IRQHandler            0x08000313   Thumb Code     0  startup_stm32f767xx.o(.text)
    TIM1_UP_TIM10_IRQHandler                 0x08000313   Thumb Code     0  startup_stm32f767xx.o(.text)
    TIM2_IRQHandler                          0x08000313   Thumb Code     0  startup_stm32f767xx.o(.text)
    TIM5_IRQHandler                          0x08000313   Thumb Code     0  startup_stm32f767xx.o(.text)
    TIM6_DAC_IRQHandler                      0x08000313   Thumb Code     0  startup_stm32f767xx.o(.text)
    TIM7_IRQHandler                          0x08000313   Thumb Code     0  startup_stm32f767xx.o(.text)
    TIM8_BRK_TIM12_IRQHandler                0x08000313   Thumb Code     0  startup_stm32f767xx.o(.text)
    TIM8_CC_IRQHandler                       0x08000313   Thumb Code     0  startup_stm32f767xx.o(.text)
    TIM8_TRG_COM_TIM14_IRQHandler            0x08000313   Thumb Code     0  startup_stm32f767xx.o(.text)
    TIM8_UP_TIM13_IRQHandler                 0x08000313   Thumb Code     0  startup_stm32f767xx.o(.text)
    UART4_IRQHandler                         0x08000313   Thumb Code     0  startup_stm32f767xx.o(.text)
    UART5_IRQHandler                         0x08000313   Thumb Code     0  startup_stm32f767xx.o(.text)
    UART7_IRQHandler                         0x08000313   Thumb Code     0  startup_stm32f767xx.o(.text)
    UART8_IRQHandler                         0x08000313   Thumb Code     0  startup_stm32f767xx.o(.text)
    USART2_IRQHandler                        0x08000313   Thumb Code     0  startup_stm32f767xx.o(.text)
    USART3_IRQHandler                        0x08000313   Thumb Code     0  startup_stm32f767xx.o(.text)
    USART6_IRQHandler                        0x08000313   Thumb Code     0  startup_stm32f767xx.o(.text)
    WWDG_IRQHandler                          0x08000313   Thumb Code     0  startup_stm32f767xx.o(.text)
    __user_initial_stackheap                 0x08000315   Thumb Code     0  startup_stm32f767xx.o(.text)
    __use_no_semihosting                     0x08000339   Thumb Code     2  use_no_semi_2.o(.text)
    __2printf                                0x0800033d   Thumb Code    20  noretval__2printf.o(.text)
    __2sprintf                               0x08000355   Thumb Code    34  noretval__2sprintf.o(.text)
    _printf_pre_padding                      0x0800037d   Thumb Code    44  _printf_pad.o(.text)
    _printf_post_padding                     0x080003a9   Thumb Code    34  _printf_pad.o(.text)
    _printf_str                              0x080003cb   Thumb Code    82  _printf_str.o(.text)
    _printf_int_dec                          0x0800041d   Thumb Code   104  _printf_dec.o(.text)
    _printf_int_hex                          0x08000495   Thumb Code    84  _printf_hex_int.o(.text)
    _printf_longlong_hex                     0x08000495   Thumb Code     0  _printf_hex_int.o(.text)
    __printf                                 0x080004ed   Thumb Code   388  __printf_flags_ss_wp.o(.text)
    __use_two_region_memory                  0x08000675   Thumb Code     2  heapauxi.o(.text)
    __rt_heap_escrow$2region                 0x08000677   Thumb Code     2  heapauxi.o(.text)
    __rt_heap_expand$2region                 0x08000679   Thumb Code     2  heapauxi.o(.text)
    __I$use$semihosting                      0x0800067b   Thumb Code     0  use_no_semi.o(.text)
    __use_no_semihosting_swi                 0x0800067b   Thumb Code     2  use_no_semi.o(.text)
    _printf_int_common                       0x0800067d   Thumb Code   178  _printf_intcommon.o(.text)
    _printf_char_common                      0x0800073b   Thumb Code    32  _printf_char_common.o(.text)
    _sputc                                   0x08000761   Thumb Code    10  _sputc.o(.text)
    _printf_cs_common                        0x0800076b   Thumb Code    20  _printf_char.o(.text)
    _printf_char                             0x0800077f   Thumb Code    16  _printf_char.o(.text)
    _printf_string                           0x0800078f   Thumb Code     8  _printf_char.o(.text)
    _printf_char_file                        0x08000799   Thumb Code    32  _printf_char_file.o(.text)
    ferror                                   0x080007bd   Thumb Code     8  ferror.o(.text)
    __user_setup_stackheap                   0x080007c5   Thumb Code    74  sys_stackheap_outer.o(.text)
    exit                                     0x0800080f   Thumb Code    12  exit.o(.text)
    __user_libspace                          0x0800081d   Thumb Code     8  libspace.o(.text)
    __user_perproc_libspace                  0x0800081d   Thumb Code     0  libspace.o(.text)
    __user_perthread_libspace                0x0800081d   Thumb Code     0  libspace.o(.text)
    BusFault_Handler                         0x08000825   Thumb Code     2  stm32f7xx_it.o(i.BusFault_Handler)
    Cache_Enable                             0x08000829   Thumb Code   116  sys.o(i.Cache_Enable)
    DCMI_CR_Set                              0x080008b1   Thumb Code    58  dcmi.o(i.DCMI_CR_Set)
    DCMI_DMA_Init                            0x08000915   Thumb Code   174  dcmi.o(i.DCMI_DMA_Init)
    DCMI_IRQHandler                          0x080009d5   Thumb Code     6  dcmi.o(i.DCMI_IRQHandler)
    DCMI_Init                                0x080009e1   Thumb Code    62  dcmi.o(i.DCMI_Init)
    DCMI_Set_Window                          0x08000a29   Thumb Code   120  dcmi.o(i.DCMI_Set_Window)
    DCMI_Start                               0x08000aa9   Thumb Code    38  dcmi.o(i.DCMI_Start)
    DCMI_Stop                                0x08000ad9   Thumb Code    32  dcmi.o(i.DCMI_Stop)
    DMA2_Stream1_IRQHandler                  0x08000b01   Thumb Code   104  dcmi.o(i.DMA2_Stream1_IRQHandler)
    DebugMon_Handler                         0x08000b91   Thumb Code     2  stm32f7xx_it.o(i.DebugMon_Handler)
    FMC_NORSRAM_Extended_Timing_Init         0x08000b95   Thumb Code    68  stm32f7xx_ll_fmc.o(i.FMC_NORSRAM_Extended_Timing_Init)
    FMC_NORSRAM_Init                         0x08000bdd   Thumb Code   120  stm32f7xx_ll_fmc.o(i.FMC_NORSRAM_Init)
    FMC_NORSRAM_Timing_Init                  0x08000c59   Thumb Code    96  stm32f7xx_ll_fmc.o(i.FMC_NORSRAM_Timing_Init)
    FMC_SDRAM_Init                           0x08000cbd   Thumb Code    94  stm32f7xx_ll_fmc.o(i.FMC_SDRAM_Init)
    FMC_SDRAM_ProgramRefreshRate             0x08000d1b   Thumb Code    12  stm32f7xx_ll_fmc.o(i.FMC_SDRAM_ProgramRefreshRate)
    FMC_SDRAM_SendCommand                    0x08000d27   Thumb Code    82  stm32f7xx_ll_fmc.o(i.FMC_SDRAM_SendCommand)
    FMC_SDRAM_Timing_Init                    0x08000d79   Thumb Code   146  stm32f7xx_ll_fmc.o(i.FMC_SDRAM_Timing_Init)
    HAL_DCMI_DeInit                          0x08000e0b   Thumb Code    22  stm32f7xx_hal_dcmi.o(i.HAL_DCMI_DeInit)
    HAL_DCMI_ErrorCallback                   0x08000e21   Thumb Code     2  stm32f7xx_hal_dcmi.o(i.HAL_DCMI_ErrorCallback)
    HAL_DCMI_FrameEventCallback              0x08000e25   Thumb Code    36  dcmi.o(i.HAL_DCMI_FrameEventCallback)
    HAL_DCMI_IRQHandler                      0x08000e55   Thumb Code   170  stm32f7xx_hal_dcmi.o(i.HAL_DCMI_IRQHandler)
    HAL_DCMI_Init                            0x08000f05   Thumb Code   182  stm32f7xx_hal_dcmi.o(i.HAL_DCMI_Init)
    HAL_DCMI_LineEventCallback               0x08000fc1   Thumb Code     2  stm32f7xx_hal_dcmi.o(i.HAL_DCMI_LineEventCallback)
    HAL_DCMI_MspDeInit                       0x08000fc3   Thumb Code     2  stm32f7xx_hal_dcmi.o(i.HAL_DCMI_MspDeInit)
    HAL_DCMI_MspInit                         0x08000fc5   Thumb Code   210  dcmi.o(i.HAL_DCMI_MspInit)
    HAL_DCMI_VsyncEventCallback              0x080010b5   Thumb Code     2  stm32f7xx_hal_dcmi.o(i.HAL_DCMI_VsyncEventCallback)
    HAL_DMAEx_MultiBufferStart               0x080010b7   Thumb Code   124  stm32f7xx_hal_dma_ex.o(i.HAL_DMAEx_MultiBufferStart)
    HAL_DMA_Abort_IT                         0x08001133   Thumb Code    36  stm32f7xx_hal_dma.o(i.HAL_DMA_Abort_IT)
    HAL_DMA_DeInit                           0x08001159   Thumb Code   124  stm32f7xx_hal_dma.o(i.HAL_DMA_DeInit)
    HAL_DMA_Init                             0x080011dd   Thumb Code   336  stm32f7xx_hal_dma.o(i.HAL_DMA_Init)
    HAL_DMA_Start                            0x08001339   Thumb Code   122  stm32f7xx_hal_dma.o(i.HAL_DMA_Start)
    HAL_GPIO_Init                            0x080013b5   Thumb Code   544  stm32f7xx_hal_gpio.o(i.HAL_GPIO_Init)
    HAL_GPIO_ReadPin                         0x080015e5   Thumb Code    10  stm32f7xx_hal_gpio.o(i.HAL_GPIO_ReadPin)
    HAL_GPIO_TogglePin                       0x080015ef   Thumb Code     8  stm32f7xx_hal_gpio.o(i.HAL_GPIO_TogglePin)
    HAL_GPIO_WritePin                        0x080015f7   Thumb Code    10  stm32f7xx_hal_gpio.o(i.HAL_GPIO_WritePin)
    HAL_GetTick                              0x08001601   Thumb Code     6  stm32f7xx_hal.o(i.HAL_GetTick)
    HAL_IncTick                              0x0800160d   Thumb Code    10  stm32f7xx_hal.o(i.HAL_IncTick)
    HAL_Init                                 0x0800161d   Thumb Code    32  stm32f7xx_hal.o(i.HAL_Init)
    HAL_InitTick                             0x08001641   Thumb Code    34  stm32f7xx_hal.o(i.HAL_InitTick)
    HAL_LTDC_ConfigLayer                     0x08001669   Thumb Code    88  stm32f7xx_hal_ltdc.o(i.HAL_LTDC_ConfigLayer)
    HAL_LTDC_Init                            0x080016c1   Thumb Code   262  stm32f7xx_hal_ltdc.o(i.HAL_LTDC_Init)
    HAL_LTDC_MspInit                         0x080017cd   Thumb Code   216  ltdc.o(i.HAL_LTDC_MspInit)
    HAL_LTDC_SetWindowPosition               0x080018c1   Thumb Code    88  stm32f7xx_hal_ltdc.o(i.HAL_LTDC_SetWindowPosition)
    HAL_LTDC_SetWindowSize                   0x08001919   Thumb Code    84  stm32f7xx_hal_ltdc.o(i.HAL_LTDC_SetWindowSize)
    HAL_MPU_ConfigRegion                     0x0800196d   Thumb Code    80  stm32f7xx_hal_cortex.o(i.HAL_MPU_ConfigRegion)
    HAL_MspInit                              0x080019c1   Thumb Code   184  stm32fxxx_hal_msp.o(i.HAL_MspInit)
    HAL_NVIC_EnableIRQ                       0x08001a89   Thumb Code    24  stm32f7xx_hal_cortex.o(i.HAL_NVIC_EnableIRQ)
    HAL_NVIC_SetPriority                     0x08001aa1   Thumb Code    94  stm32f7xx_hal_cortex.o(i.HAL_NVIC_SetPriority)
    HAL_NVIC_SetPriorityGrouping             0x08001b05   Thumb Code    30  stm32f7xx_hal_cortex.o(i.HAL_NVIC_SetPriorityGrouping)
    HAL_PWREx_EnableOverDrive                0x08001b29   Thumb Code   114  stm32f7xx_hal_pwr_ex.o(i.HAL_PWREx_EnableOverDrive)
    HAL_RCCEx_PeriphCLKConfig                0x08001ba5   Thumb Code  1872  stm32f7xx_hal_rcc_ex.o(i.HAL_RCCEx_PeriphCLKConfig)
    HAL_RCC_ClockConfig                      0x080022fd   Thumb Code   368  stm32f7xx_hal_rcc.o(i.HAL_RCC_ClockConfig)
    HAL_RCC_GetPCLK1Freq                     0x08002481   Thumb Code    34  stm32f7xx_hal_rcc.o(i.HAL_RCC_GetPCLK1Freq)
    HAL_RCC_GetPCLK2Freq                     0x080024b1   Thumb Code    34  stm32f7xx_hal_rcc.o(i.HAL_RCC_GetPCLK2Freq)
    HAL_RCC_GetSysClockFreq                  0x080024e1   Thumb Code   136  stm32f7xx_hal_rcc.o(i.HAL_RCC_GetSysClockFreq)
    HAL_RCC_OscConfig                        0x08002579   Thumb Code   942  stm32f7xx_hal_rcc_ex.o(i.HAL_RCC_OscConfig)
    HAL_SDRAM_Init                           0x0800293d   Thumb Code    66  stm32f7xx_hal_sdram.o(i.HAL_SDRAM_Init)
    HAL_SDRAM_MspInit                        0x08002981   Thumb Code   196  sdram.o(i.HAL_SDRAM_MspInit)
    HAL_SDRAM_ProgramRefreshRate             0x08002a61   Thumb Code    36  stm32f7xx_hal_sdram.o(i.HAL_SDRAM_ProgramRefreshRate)
    HAL_SDRAM_SendCommand                    0x08002a85   Thumb Code    46  stm32f7xx_hal_sdram.o(i.HAL_SDRAM_SendCommand)
    HAL_SRAM_Init                            0x08002ab3   Thumb Code    86  stm32f7xx_hal_sram.o(i.HAL_SRAM_Init)
    HAL_SRAM_MspInit                         0x08002b09   Thumb Code   108  lcd.o(i.HAL_SRAM_MspInit)
    HAL_SYSTICK_CLKSourceConfig              0x08002b85   Thumb Code    22  stm32f7xx_hal_cortex.o(i.HAL_SYSTICK_CLKSourceConfig)
    HAL_SYSTICK_Config                       0x08002b9d   Thumb Code    38  stm32f7xx_hal_cortex.o(i.HAL_SYSTICK_Config)
    HAL_TIMEx_BreakCallback                  0x08002bc9   Thumb Code     2  stm32f7xx_hal_tim_ex.o(i.HAL_TIMEx_BreakCallback)
    HAL_TIMEx_CommutationCallback            0x08002bcb   Thumb Code     2  stm32f7xx_hal_tim_ex.o(i.HAL_TIMEx_CommutationCallback)
    HAL_TIM_Base_Init                        0x08002bcd   Thumb Code    50  stm32f7xx_hal_tim.o(i.HAL_TIM_Base_Init)
    HAL_TIM_Base_MspInit                     0x08002c01   Thumb Code    40  timer.o(i.HAL_TIM_Base_MspInit)
    HAL_TIM_Base_Start_IT                    0x08002c2d   Thumb Code    24  stm32f7xx_hal_tim.o(i.HAL_TIM_Base_Start_IT)
    HAL_TIM_IC_CaptureCallback               0x08002c45   Thumb Code     2  stm32f7xx_hal_tim.o(i.HAL_TIM_IC_CaptureCallback)
    HAL_TIM_IRQHandler                       0x08002c47   Thumb Code   390  stm32f7xx_hal_tim.o(i.HAL_TIM_IRQHandler)
    HAL_TIM_OC_DelayElapsedCallback          0x08002dcd   Thumb Code     2  stm32f7xx_hal_tim.o(i.HAL_TIM_OC_DelayElapsedCallback)
    HAL_TIM_PWM_PulseFinishedCallback        0x08002dcf   Thumb Code     2  stm32f7xx_hal_tim.o(i.HAL_TIM_PWM_PulseFinishedCallback)
    HAL_TIM_PeriodElapsedCallback            0x08002dd1   Thumb Code    36  timer.o(i.HAL_TIM_PeriodElapsedCallback)
    HAL_TIM_TriggerCallback                  0x08002e21   Thumb Code     2  stm32f7xx_hal_tim.o(i.HAL_TIM_TriggerCallback)
    HAL_UART_ErrorCallback                   0x08002e23   Thumb Code     2  stm32f7xx_hal_uart.o(i.HAL_UART_ErrorCallback)
    HAL_UART_IRQHandler                      0x08002e25   Thumb Code   448  stm32f7xx_hal_uart.o(i.HAL_UART_IRQHandler)
    HAL_UART_Init                            0x08002fe9   Thumb Code   110  stm32f7xx_hal_uart.o(i.HAL_UART_Init)
    HAL_UART_MspInit                         0x08003059   Thumb Code   130  usart.o(i.HAL_UART_MspInit)
    HAL_UART_Receive                         0x080030e9   Thumb Code   240  stm32f7xx_hal_uart.o(i.HAL_UART_Receive)
    HAL_UART_RxCpltCallback                  0x080031d9   Thumb Code     2  stm32f7xx_hal_uart.o(i.HAL_UART_RxCpltCallback)
    HAL_UART_TxCpltCallback                  0x080031db   Thumb Code     2  stm32f7xx_hal_uart.o(i.HAL_UART_TxCpltCallback)
    HardFault_Handler                        0x080031dd   Thumb Code     2  stm32f7xx_it.o(i.HardFault_Handler)
    IIC_Init                                 0x080031e1   Thumb Code    70  myiic.o(i.IIC_Init)
    IIC_Send_Byte                            0x08003231   Thumb Code   114  myiic.o(i.IIC_Send_Byte)
    IIC_Start                                0x080032a9   Thumb Code    76  myiic.o(i.IIC_Start)
    IIC_Stop                                 0x080032f9   Thumb Code    76  myiic.o(i.IIC_Stop)
    IIC_Wait_Ack                             0x08003349   Thumb Code   168  myiic.o(i.IIC_Wait_Ack)
    KEY_Init                                 0x080033f5   Thumb Code   112  key.o(i.KEY_Init)
    KEY_Scan                                 0x08003475   Thumb Code   216  key.o(i.KEY_Scan)
    LCD_Clear                                0x0800355d   Thumb Code    72  lcd.o(i.LCD_Clear)
    LCD_Display_Dir                          0x080035b5   Thumb Code   252  lcd.o(i.LCD_Display_Dir)
    LCD_Fast_DrawPoint                       0x080036b9   Thumb Code   594  lcd.o(i.LCD_Fast_DrawPoint)
    LCD_Fill                                 0x08003919   Thumb Code   108  lcd.o(i.LCD_Fill)
    LCD_Init                                 0x08003991   Thumb Code 18974  lcd.o(i.LCD_Init)
    LCD_MPU_Config                           0x080083c9   Thumb Code   100  lcd.o(i.LCD_MPU_Config)
    LCD_SSD_BackLightSet                     0x08008439   Thumb Code   170  lcd.o(i.LCD_SSD_BackLightSet)
    LCD_Scan_Dir                             0x080084f9   Thumb Code   786  lcd.o(i.LCD_Scan_Dir)
    LCD_SetCursor                            0x08008815   Thumb Code   692  lcd.o(i.LCD_SetCursor)
    LCD_Set_Window                           0x08008ad1   Thumb Code   872  lcd.o(i.LCD_Set_Window)
    LCD_ShowChar                             0x08008e41   Thumb Code   272  lcd.o(i.LCD_ShowChar)
    LCD_ShowString                           0x08008f5d   Thumb Code    98  lcd.o(i.LCD_ShowString)
    LCD_ShowxNum                             0x08008fc1   Thumb Code   180  lcd.o(i.LCD_ShowxNum)
    LCD_WriteRAM_Prepare                     0x08009079   Thumb Code    10  lcd.o(i.LCD_WriteRAM_Prepare)
    LED_Init                                 0x0800908d   Thumb Code    68  led.o(i.LED_Init)
    LTDC_Clear                               0x080090d9   Thumb Code    28  ltdc.o(i.LTDC_Clear)
    LTDC_Color_Fill                          0x080090f9   Thumb Code   172  ltdc.o(i.LTDC_Color_Fill)
    LTDC_Display_Dir                         0x080091b5   Thumb Code    34  ltdc.o(i.LTDC_Display_Dir)
    LTDC_Draw_Point                          0x080091dd   Thumb Code    58  ltdc.o(i.LTDC_Draw_Point)
    LTDC_Fill                                0x08009221   Thumb Code   166  ltdc.o(i.LTDC_Fill)
    LTDC_Init                                0x080092d9   Thumb Code   464  ltdc.o(i.LTDC_Init)
    LTDC_Layer_Parameter_Config              0x080094c5   Thumb Code    86  ltdc.o(i.LTDC_Layer_Parameter_Config)
    LTDC_PanelID_Read                        0x08009525   Thumb Code   176  ltdc.o(i.LTDC_PanelID_Read)
    MPU_Memory_Protection                    0x080097a5   Thumb Code    54  mpu.o(i.MPU_Memory_Protection)
    MPU_Set_Protection                       0x080097dd   Thumb Code   104  mpu.o(i.MPU_Set_Protection)
    MemManage_Handler                        0x0800984d   Thumb Code    64  mpu.o(i.MemManage_Handler)
    NMI_Handler                              0x080098c5   Thumb Code     2  stm32f7xx_it.o(i.NMI_Handler)
    OV5640_Brightness                        0x080098c7   Thumb Code    88  ov5640.o(i.OV5640_Brightness)
    OV5640_Color_Saturation                  0x08009921   Thumb Code   120  ov5640.o(i.OV5640_Color_Saturation)
    OV5640_Contrast                          0x0800999d   Thumb Code   108  ov5640.o(i.OV5640_Contrast)
    OV5640_Flash_Ctrl                        0x08009a09   Thumb Code    54  ov5640.o(i.OV5640_Flash_Ctrl)
    OV5640_Focus_Constant                    0x08009a3f   Thumb Code   194  ov5640.o(i.OV5640_Focus_Constant)
    OV5640_Focus_Init                        0x08009b01   Thumb Code   220  ov5640.o(i.OV5640_Focus_Init)
    OV5640_Focus_Single                      0x08009be1   Thumb Code    92  ov5640.o(i.OV5640_Focus_Single)
    OV5640_ImageWin_Set                      0x08009c3d   Thumb Code   136  ov5640.o(i.OV5640_ImageWin_Set)
    OV5640_JPEG_Mode                         0x08009cc5   Thumb Code    30  ov5640.o(i.OV5640_JPEG_Mode)
    OV5640_Light_Mode                        0x08009ce9   Thumb Code    66  ov5640.o(i.OV5640_Light_Mode)
    OV5640_OutSize_Set                       0x08009d31   Thumb Code   128  ov5640.o(i.OV5640_OutSize_Set)
    OV5640_RD_Reg                            0x08009db1   Thumb Code    58  ov5640.o(i.OV5640_RD_Reg)
    OV5640_RGB565_Mode                       0x08009ded   Thumb Code    52  ov5640.o(i.OV5640_RGB565_Mode)
    OV5640_Sharpness                         0x08009e29   Thumb Code   126  ov5640.o(i.OV5640_Sharpness)
    OV5640_Special_Effects                   0x08009ea9   Thumb Code    86  ov5640.o(i.OV5640_Special_Effects)
    OV5640_Test_Pattern                      0x08009f05   Thumb Code    42  ov5640.o(i.OV5640_Test_Pattern)
    OV5640_WR_Reg                            0x08009f2f   Thumb Code    68  ov5640.o(i.OV5640_WR_Reg)
    PCF8574_Init                             0x08009f75   Thumb Code   114  pcf8574.o(i.PCF8574_Init)
    PendSV_Handler                           0x08009ff1   Thumb Code     2  stm32f7xx_it.o(i.PendSV_Handler)
    SCCB_Init                                0x08009ff5   Thumb Code    52  sccb.o(i.SCCB_Init)
    SCCB_No_Ack                              0x0800a031   Thumb Code    72  sccb.o(i.SCCB_No_Ack)
    SCCB_RD_Byte                             0x0800a07d   Thumb Code   100  sccb.o(i.SCCB_RD_Byte)
    SCCB_Start                               0x0800a0e5   Thumb Code    60  sccb.o(i.SCCB_Start)
    SCCB_Stop                                0x0800a125   Thumb Code    56  sccb.o(i.SCCB_Stop)
    SCCB_WR_Byte                             0x0800a161   Thumb Code   160  sccb.o(i.SCCB_WR_Byte)
    SDRAM_Init                               0x0800a205   Thumb Code   152  sdram.o(i.SDRAM_Init)
    SDRAM_Send_Cmd                           0x0800a2a5   Thumb Code    60  sdram.o(i.SDRAM_Send_Cmd)
    SVC_Handler                              0x0800a2e5   Thumb Code     2  stm32f7xx_it.o(i.SVC_Handler)
    Stm32_Clock_Init                         0x0800a2e9   Thumb Code   152  sys.o(i.Stm32_Clock_Init)
    SysTick_Handler                          0x0800a389   Thumb Code     4  stm32f7xx_it.o(i.SysTick_Handler)
    SystemInit                               0x0800a38d   Thumb Code    64  system_stm32f7xx.o(i.SystemInit)
    TIM3_IRQHandler                          0x0800a3e5   Thumb Code     6  timer.o(i.TIM3_IRQHandler)
    TIM3_Init                                0x0800a3f1   Thumb Code    34  timer.o(i.TIM3_Init)
    TIM4_IRQHandler                          0x0800a41d   Thumb Code    44  usmart.o(i.TIM4_IRQHandler)
    TIM_Base_SetConfig                       0x0800a451   Thumb Code   176  stm32f7xx_hal_tim.o(i.TIM_Base_SetConfig)
    UART_AdvFeatureConfig                    0x0800a515   Thumb Code   218  stm32f7xx_hal_uart.o(i.UART_AdvFeatureConfig)
    UART_CheckIdleState                      0x0800a5ef   Thumb Code    96  stm32f7xx_hal_uart.o(i.UART_CheckIdleState)
    UART_SetConfig                           0x0800a6e1   Thumb Code   636  stm32f7xx_hal_uart.o(i.UART_SetConfig)
    UART_WaitOnFlagUntilTimeout              0x0800a96d   Thumb Code   116  stm32f7xx_hal_uart.o(i.UART_WaitOnFlagUntilTimeout)
    USART1_IRQHandler                        0x0800a9e1   Thumb Code   108  usart.o(i.USART1_IRQHandler)
    UsageFault_Handler                       0x0800aa59   Thumb Code     2  stm32f7xx_it.o(i.UsageFault_Handler)
    _is_digit                                0x0800aa5b   Thumb Code    14  __printf_wp.o(i._is_digit)
    _sys_exit                                0x0800aa69   Thumb Code     2  usart.o(i._sys_exit)
    delay_init                               0x0800aa6d   Thumb Code    16  delay.o(i.delay_init)
    delay_ms                                 0x0800aa81   Thumb Code    70  delay.o(i.delay_ms)
    delay_us                                 0x0800aacd   Thumb Code    46  delay.o(i.delay_us)
    fputc                                    0x0800ab01   Thumb Code    16  usart.o(i.fputc)
    jpeg_data_process                        0x0800ab15   Thumb Code   198  main.o(i.jpeg_data_process)
    jpeg_dcmi_rx_callback                    0x0800abed   Thumb Code   146  main.o(i.jpeg_dcmi_rx_callback)
    jpeg_test                                0x0800ac99   Thumb Code   670  main.o(i.jpeg_test)
    main                                     0x0800b045   Thumb Code   390  main.o(i.main)
    mt9v034_WriteReg16                       0x0800b235   Thumb Code   112  mt9v034.o(i.mt9v034_WriteReg16)
    mt9v034_context_configuration            0x0800b2a5   Thumb Code   744  mt9v034.o(i.mt9v034_context_configuration)
    read_addr                                0x0800b595   Thumb Code     4  usmart.o(i.read_addr)
    rgb565_test                              0x0800b599   Thumb Code   562  main.o(i.rgb565_test)
    rgblcd_dcmi_rx_callback                  0x0800b885   Thumb Code    54  main.o(i.rgblcd_dcmi_rx_callback)
    uart_init                                0x0800b8cd   Thumb Code    28  usart.o(i.uart_init)
    usart2_init                              0x0800b8f1   Thumb Code   102  usart2.o(i.usart2_init)
    usmart_cmd_rec                           0x0800b96d   Thumb Code   170  usmart.o(i.usmart_cmd_rec)
    usmart_exe                               0x0800ba1d   Thumb Code   592  usmart.o(i.usmart_exe)
    usmart_get_aparm                         0x0800bcd5   Thumb Code   174  usmart_str.o(i.usmart_get_aparm)
    usmart_get_cmdname                       0x0800bd83   Thumb Code    70  usmart_str.o(i.usmart_get_cmdname)
    usmart_get_fname                         0x0800bdc9   Thumb Code   424  usmart_str.o(i.usmart_get_fname)
    usmart_get_fparam                        0x0800bf79   Thumb Code   294  usmart_str.o(i.usmart_get_fparam)
    usmart_get_parmpos                       0x0800c0a5   Thumb Code    36  usmart_str.o(i.usmart_get_parmpos)
    usmart_init                              0x0800c0cd   Thumb Code    92  usmart.o(i.usmart_init)
    usmart_scan                              0x0800c139   Thumb Code   102  usmart.o(i.usmart_scan)
    usmart_str2num                           0x0800c1e5   Thumb Code   248  usmart_str.o(i.usmart_str2num)
    usmart_strcmp                            0x0800c2dd   Thumb Code    26  usmart_str.o(i.usmart_strcmp)
    usmart_sys_cmd_exe                       0x0800c2f9   Thumb Code  1484  usmart.o(i.usmart_sys_cmd_exe)
    write_addr                               0x0800c991   Thumb Code     4  usmart.o(i.write_addr)
    _fp_init                                 0x0800c995   Thumb Code    10  fpinit.o(x$fpl$fpinit)
    __fplib_config_fpu_vfp                   0x0800c99d   Thumb Code     0  fpinit.o(x$fpl$fpinit)
    __fplib_config_pureend_doubles           0x0800c99d   Thumb Code     0  fpinit.o(x$fpl$fpinit)
    jpeg_img_size_tbl                        0x0800c99e   Data          48  main.o(.constdata)
    AHBPrescTable                            0x0800c9ce   Data          16  system_stm32f7xx.o(.constdata)
    APBPrescTable                            0x0800c9de   Data           8  system_stm32f7xx.o(.constdata)
    asc2_1206                                0x0800c9ee   Data        1140  lcd.o(.constdata)
    asc2_1608                                0x0800ce62   Data        1520  lcd.o(.constdata)
    asc2_2412                                0x0800d452   Data        3420  lcd.o(.constdata)
    asc2_3216                                0x0800e1ae   Data       12160  lcd.o(.constdata)
    OV5640_jpeg_reg_tbl                      0x0801112e   Data         164  ov5640.o(.constdata)
    ov5640_rgb565_reg_tbl                    0x080111d2   Data         180  ov5640.o(.constdata)
    ov5640_uxga_init_reg_tbl                 0x08011286   Data         828  ov5640.o(.constdata)
    OV5640_AF_Config                         0x080115c2   Data        4077  ov5640.o(.constdata)
    Region$$Table$$Base                      0x080129e0   Number         0  anon$$obj.o(Region$$Table)
    Region$$Table$$Limit                     0x08012a00   Number         0  anon$$obj.o(Region$$Table)
    ovx_mode                                 0x20020000   Data           1  main.o(.data)
    jpeg_data_ok                             0x20020001   Data           1  main.o(.data)
    curline                                  0x20020002   Data           2  main.o(.data)
    yoffset                                  0x20020004   Data           2  main.o(.data)
    jpeg_data_len                            0x20020008   Data           4  main.o(.data)
    SYS_Clock                                0x2002000c   Data           4  main.o(.data)
    EFFECTS_TBL                              0x20020010   Data          28  main.o(.data)
    JPEG_SIZE_TBL                            0x2002002c   Data          48  main.o(.data)
    SystemCoreClock                          0x2002005c   Data           4  system_stm32f7xx.o(.data)
    uwTick                                   0x20020060   Data           4  stm32f7xx_hal.o(.data)
    USART_RX_STA                             0x20020068   Data           2  usart.o(.data)
    __stdout                                 0x2002006c   Data           4  usart.o(.data)
    POINT_COLOR                              0x20020074   Data           4  lcd.o(.data)
    BACK_COLOR                               0x20020078   Data           4  lcd.o(.data)
    ltdc_framebuf                            0x2002007c   Data           8  ltdc.o(.data)
    ov_frame                                 0x20020084   Data           1  dcmi.o(.data)
    dcmi_rx_callback                         0x20020088   Data           4  dcmi.o(.data)
    version8_bit                             0x2002008c   Data           1  mt9v034.o(.data)
    new_width_context_a                      0x2002008e   Data           2  mt9v034.o(.data)
    new_height_context_a                     0x20020090   Data           2  mt9v034.o(.data)
    new_width_context_b                      0x20020092   Data           2  mt9v034.o(.data)
    new_height_context_b                     0x20020094   Data           2  mt9v034.o(.data)
    new_hor_blanking_context_a               0x20020096   Data           2  mt9v034.o(.data)
    new_ver_blanking_context_a               0x20020098   Data           2  mt9v034.o(.data)
    new_hor_blanking_context_b               0x2002009a   Data           2  mt9v034.o(.data)
    new_ver_blanking_context_b               0x2002009c   Data           2  mt9v034.o(.data)
    new_readmode_context_a                   0x2002009e   Data           2  mt9v034.o(.data)
    new_readmode_context_b                   0x200200a0   Data           2  mt9v034.o(.data)
    min_exposure                             0x200200a2   Data           2  mt9v034.o(.data)
    max_exposure                             0x200200a4   Data           2  mt9v034.o(.data)
    new_max_gain                             0x200200a6   Data           2  mt9v034.o(.data)
    pixel_count                              0x200200a8   Data           2  mt9v034.o(.data)
    desired_brightness                       0x200200aa   Data           2  mt9v034.o(.data)
    resolution_ctrl                          0x200200ac   Data           2  mt9v034.o(.data)
    hdr_enabled                              0x200200ae   Data           2  mt9v034.o(.data)
    aec_agc_enabled                          0x200200b0   Data           2  mt9v034.o(.data)
    coarse_sw1                               0x200200b2   Data           2  mt9v034.o(.data)
    coarse_sw2                               0x200200b4   Data           2  mt9v034.o(.data)
    shutter_width_ctrl                       0x200200b6   Data           2  mt9v034.o(.data)
    total_shutter_width                      0x200200b8   Data           2  mt9v034.o(.data)
    aec_update_freq                          0x200200ba   Data           2  mt9v034.o(.data)
    aec_low_pass                             0x200200bc   Data           2  mt9v034.o(.data)
    agc_update_freq                          0x200200be   Data           2  mt9v034.o(.data)
    agc_low_pass                             0x200200c0   Data           2  mt9v034.o(.data)
    new_control                              0x200200c2   Data           2  mt9v034.o(.data)
    row_noise_correction                     0x200200c4   Data           2  mt9v034.o(.data)
    test_data                                0x200200c6   Data           2  mt9v034.o(.data)
    version                                  0x200200c8   Data           2  mt9v034.o(.data)
    temp_result                              0x200200ca   Data           2  mt9v034.o(.data)
    sys_cmd_tab                              0x200200cc   Data          28  usmart.o(.data)
    usmart_nametab                           0x200200e8   Data         152  usmart_config.o(.data)
    usmart_dev                               0x20020180   Data         244  usmart_config.o(.data)
    dcmi_line_buf                            0x20020274   Data       16384  main.o(.bss)
    USART_RX_BUF                             0x20024274   Data         200  usart.o(.bss)
    UART1_Handler                            0x2002433c   Data         112  usart.o(.bss)
    SDRAM_Handler                            0x200243ac   Data          52  sdram.o(.bss)
    SRAM_Handler                             0x200243e0   Data          76  lcd.o(.bss)
    lcddev                                   0x2002442c   Data          14  lcd.o(.bss)
    LTDC_Handler                             0x2002443c   Data         168  ltdc.o(.bss)
    lcdltdc                                  0x200244e4   Data          32  ltdc.o(.bss)
    TIM3_Handler                             0x20024504   Data          60  timer.o(.bss)
    USART2_Handler                           0x20024540   Data         112  usart2.o(.bss)
    DCMI_Handler                             0x200245b0   Data          80  dcmi.o(.bss)
    DMADMCI_Handler                          0x20024600   Data          96  dcmi.o(.bss)
    global_data                              0x20024660   Data         760  settings.o(.bss)
    TIM4_Handler                             0x20024958   Data          60  usmart.o(.bss)
    __libspace_start                         0x20024994   Data          96  libspace.o(.bss)
    __temporary_stack_top$libspace           0x200249f4   Data           0  libspace.o(.bss)
    ltdc_lcd_framebuf                        0xc0000000   Data       2048000  ltdc.o(.ARM.__AT_0xC0000000)
    jpeg_data_buf                            0xc01f4000   Data       125829120  main.o(.ARM.__AT_0xC01F4000)



==============================================================================

Memory Map of the image

  Image Entry point : 0x080001f9

  Load Region LR_IROM1 (Base: 0x08000000, Size: 0x00012c74, Max: 0x00100000, ABSOLUTE, COMPRESSED[0x00012af8])

    Execution Region ER_IROM1 (Base: 0x08000000, Size: 0x00012a00, Max: 0x00100000, ABSOLUTE)

    Base Addr    Size         Type   Attr      Idx    E Section Name        Object

    0x08000000   0x000001f8   Data   RO          599    RESET               startup_stm32f767xx.o
    0x080001f8   0x00000008   Code   RO         5834  * !!!main             c_w.l(__main.o)
    0x08000200   0x00000034   Code   RO         6007    !!!scatter          c_w.l(__scatter.o)
    0x08000234   0x0000005a   Code   RO         6005    !!dczerorl2         c_w.l(__dczerorl2.o)
    0x0800028e   0x00000002   PAD
    0x08000290   0x0000001c   Code   RO         6009    !!handler_zi        c_w.l(__scatter_zi.o)
    0x080002ac   0x00000000   Code   RO         5829    .ARM.Collect$$_printf_percent$$00000000  c_w.l(_printf_percent.o)
    0x080002ac   0x00000006   Code   RO         5827    .ARM.Collect$$_printf_percent$$00000009  c_w.l(_printf_d.o)
    0x080002b2   0x00000006   Code   RO         5828    .ARM.Collect$$_printf_percent$$0000000A  c_w.l(_printf_u.o)
    0x080002b8   0x00000006   Code   RO         5826    .ARM.Collect$$_printf_percent$$0000000C  c_w.l(_printf_x.o)
    0x080002be   0x00000006   Code   RO         5824    .ARM.Collect$$_printf_percent$$00000013  c_w.l(_printf_c.o)
    0x080002c4   0x00000006   Code   RO         5825    .ARM.Collect$$_printf_percent$$00000014  c_w.l(_printf_s.o)
    0x080002ca   0x00000004   Code   RO         5849    .ARM.Collect$$_printf_percent$$00000017  c_w.l(_printf_percent_end.o)
    0x080002ce   0x00000002   Code   RO         5880    .ARM.Collect$$libinit$$00000000  c_w.l(libinit.o)
    0x080002d0   0x00000004   Code   RO         5886    .ARM.Collect$$libinit$$00000001  c_w.l(libinit2.o)
    0x080002d4   0x00000000   Code   RO         5889    .ARM.Collect$$libinit$$00000004  c_w.l(libinit2.o)
    0x080002d4   0x00000000   Code   RO         5892    .ARM.Collect$$libinit$$0000000A  c_w.l(libinit2.o)
    0x080002d4   0x00000000   Code   RO         5894    .ARM.Collect$$libinit$$0000000C  c_w.l(libinit2.o)
    0x080002d4   0x00000000   Code   RO         5896    .ARM.Collect$$libinit$$0000000E  c_w.l(libinit2.o)
    0x080002d4   0x00000000   Code   RO         5899    .ARM.Collect$$libinit$$00000011  c_w.l(libinit2.o)
    0x080002d4   0x00000000   Code   RO         5901    .ARM.Collect$$libinit$$00000013  c_w.l(libinit2.o)
    0x080002d4   0x00000000   Code   RO         5903    .ARM.Collect$$libinit$$00000015  c_w.l(libinit2.o)
    0x080002d4   0x00000000   Code   RO         5905    .ARM.Collect$$libinit$$00000017  c_w.l(libinit2.o)
    0x080002d4   0x00000000   Code   RO         5907    .ARM.Collect$$libinit$$00000019  c_w.l(libinit2.o)
    0x080002d4   0x00000000   Code   RO         5909    .ARM.Collect$$libinit$$0000001B  c_w.l(libinit2.o)
    0x080002d4   0x00000000   Code   RO         5911    .ARM.Collect$$libinit$$0000001D  c_w.l(libinit2.o)
    0x080002d4   0x00000000   Code   RO         5913    .ARM.Collect$$libinit$$0000001F  c_w.l(libinit2.o)
    0x080002d4   0x00000000   Code   RO         5915    .ARM.Collect$$libinit$$00000021  c_w.l(libinit2.o)
    0x080002d4   0x00000000   Code   RO         5917    .ARM.Collect$$libinit$$00000023  c_w.l(libinit2.o)
    0x080002d4   0x00000000   Code   RO         5919    .ARM.Collect$$libinit$$00000025  c_w.l(libinit2.o)
    0x080002d4   0x00000000   Code   RO         5923    .ARM.Collect$$libinit$$0000002C  c_w.l(libinit2.o)
    0x080002d4   0x00000000   Code   RO         5925    .ARM.Collect$$libinit$$0000002E  c_w.l(libinit2.o)
    0x080002d4   0x00000000   Code   RO         5927    .ARM.Collect$$libinit$$00000030  c_w.l(libinit2.o)
    0x080002d4   0x00000000   Code   RO         5929    .ARM.Collect$$libinit$$00000032  c_w.l(libinit2.o)
    0x080002d4   0x00000002   Code   RO         5930    .ARM.Collect$$libinit$$00000033  c_w.l(libinit2.o)
    0x080002d6   0x00000002   Code   RO         5948    .ARM.Collect$$libshutdown$$00000000  c_w.l(libshutdown.o)
    0x080002d8   0x00000000   Code   RO         5959    .ARM.Collect$$libshutdown$$00000003  c_w.l(libshutdown2.o)
    0x080002d8   0x00000000   Code   RO         5962    .ARM.Collect$$libshutdown$$00000006  c_w.l(libshutdown2.o)
    0x080002d8   0x00000000   Code   RO         5965    .ARM.Collect$$libshutdown$$00000009  c_w.l(libshutdown2.o)
    0x080002d8   0x00000000   Code   RO         5967    .ARM.Collect$$libshutdown$$0000000B  c_w.l(libshutdown2.o)
    0x080002d8   0x00000000   Code   RO         5970    .ARM.Collect$$libshutdown$$0000000E  c_w.l(libshutdown2.o)
    0x080002d8   0x00000002   Code   RO         5971    .ARM.Collect$$libshutdown$$0000000F  c_w.l(libshutdown2.o)
    0x080002da   0x00000000   Code   RO         5838    .ARM.Collect$$rtentry$$00000000  c_w.l(__rtentry.o)
    0x080002da   0x00000000   Code   RO         5851    .ARM.Collect$$rtentry$$00000002  c_w.l(__rtentry2.o)
    0x080002da   0x00000006   Code   RO         5863    .ARM.Collect$$rtentry$$00000004  c_w.l(__rtentry4.o)
    0x080002e0   0x00000000   Code   RO         5853    .ARM.Collect$$rtentry$$00000009  c_w.l(__rtentry2.o)
    0x080002e0   0x00000004   Code   RO         5854    .ARM.Collect$$rtentry$$0000000A  c_w.l(__rtentry2.o)
    0x080002e4   0x00000000   Code   RO         5856    .ARM.Collect$$rtentry$$0000000C  c_w.l(__rtentry2.o)
    0x080002e4   0x00000008   Code   RO         5857    .ARM.Collect$$rtentry$$0000000D  c_w.l(__rtentry2.o)
    0x080002ec   0x00000002   Code   RO         5884    .ARM.Collect$$rtexit$$00000000  c_w.l(rtexit.o)
    0x080002ee   0x00000000   Code   RO         5932    .ARM.Collect$$rtexit$$00000002  c_w.l(rtexit2.o)
    0x080002ee   0x00000004   Code   RO         5933    .ARM.Collect$$rtexit$$00000003  c_w.l(rtexit2.o)
    0x080002f2   0x00000006   Code   RO         5934    .ARM.Collect$$rtexit$$00000004  c_w.l(rtexit2.o)
    0x080002f8   0x00000040   Code   RO          600    .text               startup_stm32f767xx.o
    0x08000338   0x00000002   Code   RO         5765    .text               c_w.l(use_no_semi_2.o)
    0x0800033a   0x00000002   PAD
    0x0800033c   0x00000018   Code   RO         5771    .text               c_w.l(noretval__2printf.o)
    0x08000354   0x00000028   Code   RO         5773    .text               c_w.l(noretval__2sprintf.o)
    0x0800037c   0x0000004e   Code   RO         5777    .text               c_w.l(_printf_pad.o)
    0x080003ca   0x00000052   Code   RO         5779    .text               c_w.l(_printf_str.o)
    0x0800041c   0x00000078   Code   RO         5781    .text               c_w.l(_printf_dec.o)
    0x08000494   0x00000058   Code   RO         5786    .text               c_w.l(_printf_hex_int.o)
    0x080004ec   0x00000188   Code   RO         5821    .text               c_w.l(__printf_flags_ss_wp.o)
    0x08000674   0x00000006   Code   RO         5832    .text               c_w.l(heapauxi.o)
    0x0800067a   0x00000002   Code   RO         5836    .text               c_w.l(use_no_semi.o)
    0x0800067c   0x000000b2   Code   RO         5839    .text               c_w.l(_printf_intcommon.o)
    0x0800072e   0x00000002   PAD
    0x08000730   0x00000030   Code   RO         5841    .text               c_w.l(_printf_char_common.o)
    0x08000760   0x0000000a   Code   RO         5843    .text               c_w.l(_sputc.o)
    0x0800076a   0x0000002c   Code   RO         5845    .text               c_w.l(_printf_char.o)
    0x08000796   0x00000002   PAD
    0x08000798   0x00000024   Code   RO         5847    .text               c_w.l(_printf_char_file.o)
    0x080007bc   0x00000008   Code   RO         5867    .text               c_w.l(ferror.o)
    0x080007c4   0x0000004a   Code   RO         5871    .text               c_w.l(sys_stackheap_outer.o)
    0x0800080e   0x0000000c   Code   RO         5873    .text               c_w.l(exit.o)
    0x0800081a   0x00000002   PAD
    0x0800081c   0x00000008   Code   RO         5881    .text               c_w.l(libspace.o)
    0x08000824   0x00000002   Code   RO          365    i.BusFault_Handler  stm32f7xx_it.o
    0x08000826   0x00000002   PAD
    0x08000828   0x00000088   Code   RO         4293    i.Cache_Enable      sys.o
    0x080008b0   0x00000044   Code   RO         5135    i.DCMI_CR_Set       dcmi.o
    0x080008f4   0x00000020   Code   RO         3650    i.DCMI_DMAError     stm32f7xx_hal_dcmi.o
    0x08000914   0x000000c0   Code   RO         5136    i.DCMI_DMA_Init     dcmi.o
    0x080009d4   0x0000000c   Code   RO         5137    i.DCMI_IRQHandler   dcmi.o
    0x080009e0   0x00000048   Code   RO         5138    i.DCMI_Init         dcmi.o
    0x08000a28   0x00000080   Code   RO         5139    i.DCMI_Set_Window   dcmi.o
    0x08000aa8   0x00000030   Code   RO         5140    i.DCMI_Start        dcmi.o
    0x08000ad8   0x00000028   Code   RO         5141    i.DCMI_Stop         dcmi.o
    0x08000b00   0x00000090   Code   RO         5142    i.DMA2_Stream1_IRQHandler  dcmi.o
    0x08000b90   0x00000002   Code   RO          366    i.DebugMon_Handler  stm32f7xx_it.o
    0x08000b92   0x00000002   PAD
    0x08000b94   0x00000048   Code   RO         2811    i.FMC_NORSRAM_Extended_Timing_Init  stm32f7xx_ll_fmc.o
    0x08000bdc   0x0000007c   Code   RO         2812    i.FMC_NORSRAM_Init  stm32f7xx_ll_fmc.o
    0x08000c58   0x00000064   Code   RO         2813    i.FMC_NORSRAM_Timing_Init  stm32f7xx_ll_fmc.o
    0x08000cbc   0x0000005e   Code   RO         2818    i.FMC_SDRAM_Init    stm32f7xx_ll_fmc.o
    0x08000d1a   0x0000000c   Code   RO         2819    i.FMC_SDRAM_ProgramRefreshRate  stm32f7xx_ll_fmc.o
    0x08000d26   0x00000052   Code   RO         2820    i.FMC_SDRAM_SendCommand  stm32f7xx_ll_fmc.o
    0x08000d78   0x00000092   Code   RO         2822    i.FMC_SDRAM_Timing_Init  stm32f7xx_ll_fmc.o
    0x08000e0a   0x00000016   Code   RO         3653    i.HAL_DCMI_DeInit   stm32f7xx_hal_dcmi.o
    0x08000e20   0x00000002   Code   RO         3656    i.HAL_DCMI_ErrorCallback  stm32f7xx_hal_dcmi.o
    0x08000e22   0x00000002   PAD
    0x08000e24   0x00000030   Code   RO         5143    i.HAL_DCMI_FrameEventCallback  dcmi.o
    0x08000e54   0x000000b0   Code   RO         3660    i.HAL_DCMI_IRQHandler  stm32f7xx_hal_dcmi.o
    0x08000f04   0x000000bc   Code   RO         3661    i.HAL_DCMI_Init     stm32f7xx_hal_dcmi.o
    0x08000fc0   0x00000002   Code   RO         3662    i.HAL_DCMI_LineEventCallback  stm32f7xx_hal_dcmi.o
    0x08000fc2   0x00000002   Code   RO         3663    i.HAL_DCMI_MspDeInit  stm32f7xx_hal_dcmi.o
    0x08000fc4   0x000000f0   Code   RO         5144    i.HAL_DCMI_MspInit  dcmi.o
    0x080010b4   0x00000002   Code   RO         3669    i.HAL_DCMI_VsyncEventCallback  stm32f7xx_hal_dcmi.o
    0x080010b6   0x0000007c   Code   RO          988    i.HAL_DMAEx_MultiBufferStart  stm32f7xx_hal_dma_ex.o
    0x08001132   0x00000024   Code   RO          897    i.HAL_DMA_Abort_IT  stm32f7xx_hal_dma.o
    0x08001156   0x00000002   PAD
    0x08001158   0x00000084   Code   RO          898    i.HAL_DMA_DeInit    stm32f7xx_hal_dma.o
    0x080011dc   0x0000015c   Code   RO          902    i.HAL_DMA_Init      stm32f7xx_hal_dma.o
    0x08001338   0x0000007a   Code   RO          905    i.HAL_DMA_Start     stm32f7xx_hal_dma.o
    0x080013b2   0x00000002   PAD
    0x080013b4   0x00000230   Code   RO         1026    i.HAL_GPIO_Init     stm32f7xx_hal_gpio.o
    0x080015e4   0x0000000a   Code   RO         1028    i.HAL_GPIO_ReadPin  stm32f7xx_hal_gpio.o
    0x080015ee   0x00000008   Code   RO         1029    i.HAL_GPIO_TogglePin  stm32f7xx_hal_gpio.o
    0x080015f6   0x0000000a   Code   RO         1030    i.HAL_GPIO_WritePin  stm32f7xx_hal_gpio.o
    0x08001600   0x0000000c   Code   RO          624    i.HAL_GetTick       stm32f7xx_hal.o
    0x0800160c   0x00000010   Code   RO          625    i.HAL_IncTick       stm32f7xx_hal.o
    0x0800161c   0x00000024   Code   RO          626    i.HAL_Init          stm32f7xx_hal.o
    0x08001640   0x00000028   Code   RO          627    i.HAL_InitTick      stm32f7xx_hal.o
    0x08001668   0x00000058   Code   RO         3232    i.HAL_LTDC_ConfigLayer  stm32f7xx_hal_ltdc.o
    0x080016c0   0x0000010c   Code   RO         3249    i.HAL_LTDC_Init     stm32f7xx_hal_ltdc.o
    0x080017cc   0x000000f4   Code   RO         4737    i.HAL_LTDC_MspInit  ltdc.o
    0x080018c0   0x00000058   Code   RO         3264    i.HAL_LTDC_SetWindowPosition  stm32f7xx_hal_ltdc.o
    0x08001918   0x00000054   Code   RO         3266    i.HAL_LTDC_SetWindowSize  stm32f7xx_hal_ltdc.o
    0x0800196c   0x00000054   Code   RO          778    i.HAL_MPU_ConfigRegion  stm32f7xx_hal_cortex.o
    0x080019c0   0x000000c8   Code   RO         5529    i.HAL_MspInit       stm32fxxx_hal_msp.o
    0x08001a88   0x00000018   Code   RO          781    i.HAL_NVIC_EnableIRQ  stm32f7xx_hal_cortex.o
    0x08001aa0   0x00000064   Code   RO          787    i.HAL_NVIC_SetPriority  stm32f7xx_hal_cortex.o
    0x08001b04   0x00000024   Code   RO          788    i.HAL_NVIC_SetPriorityGrouping  stm32f7xx_hal_cortex.o
    0x08001b28   0x0000007c   Code   RO         1219    i.HAL_PWREx_EnableOverDrive  stm32f7xx_hal_pwr_ex.o
    0x08001ba4   0x00000758   Code   RO         1408    i.HAL_RCCEx_PeriphCLKConfig  stm32f7xx_hal_rcc_ex.o
    0x080022fc   0x00000184   Code   RO         1306    i.HAL_RCC_ClockConfig  stm32f7xx_hal_rcc.o
    0x08002480   0x00000030   Code   RO         1313    i.HAL_RCC_GetPCLK1Freq  stm32f7xx_hal_rcc.o
    0x080024b0   0x00000030   Code   RO         1314    i.HAL_RCC_GetPCLK2Freq  stm32f7xx_hal_rcc.o
    0x080024e0   0x00000098   Code   RO         1315    i.HAL_RCC_GetSysClockFreq  stm32f7xx_hal_rcc.o
    0x08002578   0x000003c4   Code   RO         1409    i.HAL_RCC_OscConfig  stm32f7xx_hal_rcc_ex.o
    0x0800293c   0x00000042   Code   RO         3079    i.HAL_SDRAM_Init    stm32f7xx_hal_sdram.o
    0x0800297e   0x00000002   PAD
    0x08002980   0x000000e0   Code   RO         4460    i.HAL_SDRAM_MspInit  sdram.o
    0x08002a60   0x00000024   Code   RO         3082    i.HAL_SDRAM_ProgramRefreshRate  stm32f7xx_hal_sdram.o
    0x08002a84   0x0000002e   Code   RO         3088    i.HAL_SDRAM_SendCommand  stm32f7xx_hal_sdram.o
    0x08002ab2   0x00000056   Code   RO         2957    i.HAL_SRAM_Init     stm32f7xx_hal_sram.o
    0x08002b08   0x0000007c   Code   RO         4517    i.HAL_SRAM_MspInit  lcd.o
    0x08002b84   0x00000016   Code   RO          790    i.HAL_SYSTICK_CLKSourceConfig  stm32f7xx_hal_cortex.o
    0x08002b9a   0x00000002   PAD
    0x08002b9c   0x0000002c   Code   RO          792    i.HAL_SYSTICK_Config  stm32f7xx_hal_cortex.o
    0x08002bc8   0x00000002   Code   RO         2534    i.HAL_TIMEx_BreakCallback  stm32f7xx_hal_tim_ex.o
    0x08002bca   0x00000002   Code   RO         2535    i.HAL_TIMEx_CommutationCallback  stm32f7xx_hal_tim_ex.o
    0x08002bcc   0x00000032   Code   RO         1932    i.HAL_TIM_Base_Init  stm32f7xx_hal_tim.o
    0x08002bfe   0x00000002   PAD
    0x08002c00   0x0000002c   Code   RO         5019    i.HAL_TIM_Base_MspInit  timer.o
    0x08002c2c   0x00000018   Code   RO         1937    i.HAL_TIM_Base_Start_IT  stm32f7xx_hal_tim.o
    0x08002c44   0x00000002   Code   RO         1961    i.HAL_TIM_IC_CaptureCallback  stm32f7xx_hal_tim.o
    0x08002c46   0x00000186   Code   RO         1974    i.HAL_TIM_IRQHandler  stm32f7xx_hal_tim.o
    0x08002dcc   0x00000002   Code   RO         1977    i.HAL_TIM_OC_DelayElapsedCallback  stm32f7xx_hal_tim.o
    0x08002dce   0x00000002   Code   RO         2004    i.HAL_TIM_PWM_PulseFinishedCallback  stm32f7xx_hal_tim.o
    0x08002dd0   0x00000050   Code   RO         5020    i.HAL_TIM_PeriodElapsedCallback  timer.o
    0x08002e20   0x00000002   Code   RO         2015    i.HAL_TIM_TriggerCallback  stm32f7xx_hal_tim.o
    0x08002e22   0x00000002   Code   RO         1463    i.HAL_UART_ErrorCallback  stm32f7xx_hal_uart.o
    0x08002e24   0x000001c4   Code   RO         1466    i.HAL_UART_IRQHandler  stm32f7xx_hal_uart.o
    0x08002fe8   0x0000006e   Code   RO         1467    i.HAL_UART_Init     stm32f7xx_hal_uart.o
    0x08003056   0x00000002   PAD
    0x08003058   0x00000090   Code   RO         4342    i.HAL_UART_MspInit  usart.o
    0x080030e8   0x000000f0   Code   RO         1470    i.HAL_UART_Receive  stm32f7xx_hal_uart.o
    0x080031d8   0x00000002   Code   RO         1473    i.HAL_UART_RxCpltCallback  stm32f7xx_hal_uart.o
    0x080031da   0x00000002   Code   RO         1478    i.HAL_UART_TxCpltCallback  stm32f7xx_hal_uart.o
    0x080031dc   0x00000002   Code   RO          367    i.HardFault_Handler  stm32f7xx_it.o
    0x080031de   0x00000002   PAD
    0x080031e0   0x00000050   Code   RO         4849    i.IIC_Init          myiic.o
    0x08003230   0x00000078   Code   RO         4852    i.IIC_Send_Byte     myiic.o
    0x080032a8   0x00000050   Code   RO         4853    i.IIC_Start         myiic.o
    0x080032f8   0x00000050   Code   RO         4854    i.IIC_Stop          myiic.o
    0x08003348   0x000000ac   Code   RO         4855    i.IIC_Wait_Ack      myiic.o
    0x080033f4   0x00000080   Code   RO         4427    i.KEY_Init          key.o
    0x08003474   0x000000e8   Code   RO         4428    i.KEY_Scan          key.o
    0x0800355c   0x00000058   Code   RO         4519    i.LCD_Clear         lcd.o
    0x080035b4   0x00000104   Code   RO         4523    i.LCD_Display_Dir   lcd.o
    0x080036b8   0x00000260   Code   RO         4528    i.LCD_Fast_DrawPoint  lcd.o
    0x08003918   0x00000078   Code   RO         4529    i.LCD_Fill          lcd.o
    0x08003990   0x00004a38   Code   RO         4530    i.LCD_Init          lcd.o
    0x080083c8   0x0000006c   Code   RO         4531    i.LCD_MPU_Config    lcd.o
    0x08008434   0x00000004   PAD
    0x08008438   0x000000c0   Code   RO         4536    i.LCD_SSD_BackLightSet  lcd.o
    0x080084f8   0x0000031c   Code   RO         4537    i.LCD_Scan_Dir      lcd.o
    0x08008814   0x000002bc   Code   RO         4538    i.LCD_SetCursor     lcd.o
    0x08008ad0   0x00000370   Code   RO         4539    i.LCD_Set_Window    lcd.o
    0x08008e40   0x0000011c   Code   RO         4540    i.LCD_ShowChar      lcd.o
    0x08008f5c   0x00000062   Code   RO         4542    i.LCD_ShowString    lcd.o
    0x08008fbe   0x00000002   PAD
    0x08008fc0   0x000000b8   Code   RO         4543    i.LCD_ShowxNum      lcd.o
    0x08009078   0x00000014   Code   RO         4547    i.LCD_WriteRAM_Prepare  lcd.o
    0x0800908c   0x0000004c   Code   RO         4403    i.LED_Init          led.o
    0x080090d8   0x00000020   Code   RO         4738    i.LTDC_Clear        ltdc.o
    0x080090f8   0x000000bc   Code   RO         4740    i.LTDC_Color_Fill   ltdc.o
    0x080091b4   0x00000028   Code   RO         4741    i.LTDC_Display_Dir  ltdc.o
    0x080091dc   0x00000044   Code   RO         4742    i.LTDC_Draw_Point   ltdc.o
    0x08009220   0x000000b8   Code   RO         4743    i.LTDC_Fill         ltdc.o
    0x080092d8   0x000001ec   Code   RO         4744    i.LTDC_Init         ltdc.o
    0x080094c4   0x00000060   Code   RO         4745    i.LTDC_Layer_Parameter_Config  ltdc.o
    0x08009524   0x000000bc   Code   RO         4748    i.LTDC_PanelID_Read  ltdc.o
    0x080095e0   0x000001c4   Code   RO         3268    i.LTDC_SetConfig    stm32f7xx_hal_ltdc.o
    0x080097a4   0x00000036   Code   RO         5095    i.MPU_Memory_Protection  mpu.o
    0x080097da   0x00000002   PAD
    0x080097dc   0x00000070   Code   RO         5096    i.MPU_Set_Protection  mpu.o
    0x0800984c   0x00000078   Code   RO         5097    i.MemManage_Handler  mpu.o
    0x080098c4   0x00000002   Code   RO          368    i.NMI_Handler       stm32f7xx_it.o
    0x080098c6   0x00000058   Code   RO         5220    i.OV5640_Brightness  ov5640.o
    0x0800991e   0x00000002   PAD
    0x08009920   0x0000007c   Code   RO         5221    i.OV5640_Color_Saturation  ov5640.o
    0x0800999c   0x0000006c   Code   RO         5222    i.OV5640_Contrast   ov5640.o
    0x08009a08   0x00000036   Code   RO         5223    i.OV5640_Flash_Ctrl  ov5640.o
    0x08009a3e   0x000000c2   Code   RO         5224    i.OV5640_Focus_Constant  ov5640.o
    0x08009b00   0x000000e0   Code   RO         5225    i.OV5640_Focus_Init  ov5640.o
    0x08009be0   0x0000005c   Code   RO         5226    i.OV5640_Focus_Single  ov5640.o
    0x08009c3c   0x00000088   Code   RO         5227    i.OV5640_ImageWin_Set  ov5640.o
    0x08009cc4   0x00000024   Code   RO         5229    i.OV5640_JPEG_Mode  ov5640.o
    0x08009ce8   0x00000048   Code   RO         5230    i.OV5640_Light_Mode  ov5640.o
    0x08009d30   0x00000080   Code   RO         5231    i.OV5640_OutSize_Set  ov5640.o
    0x08009db0   0x0000003a   Code   RO         5233    i.OV5640_RD_Reg     ov5640.o
    0x08009dea   0x00000002   PAD
    0x08009dec   0x0000003c   Code   RO         5234    i.OV5640_RGB565_Mode  ov5640.o
    0x08009e28   0x0000007e   Code   RO         5235    i.OV5640_Sharpness  ov5640.o
    0x08009ea6   0x00000002   PAD
    0x08009ea8   0x0000005c   Code   RO         5236    i.OV5640_Special_Effects  ov5640.o
    0x08009f04   0x0000002a   Code   RO         5237    i.OV5640_Test_Pattern  ov5640.o
    0x08009f2e   0x00000044   Code   RO         5238    i.OV5640_WR_Reg     ov5640.o
    0x08009f72   0x00000002   PAD
    0x08009f74   0x0000007c   Code   RO         4972    i.PCF8574_Init      pcf8574.o
    0x08009ff0   0x00000002   Code   RO          369    i.PendSV_Handler    stm32f7xx_it.o
    0x08009ff2   0x00000002   PAD
    0x08009ff4   0x0000003c   Code   RO         4913    i.SCCB_Init         sccb.o
    0x0800a030   0x0000004c   Code   RO         4914    i.SCCB_No_Ack       sccb.o
    0x0800a07c   0x00000068   Code   RO         4915    i.SCCB_RD_Byte      sccb.o
    0x0800a0e4   0x00000040   Code   RO         4916    i.SCCB_Start        sccb.o
    0x0800a124   0x0000003c   Code   RO         4917    i.SCCB_Stop         sccb.o
    0x0800a160   0x000000a4   Code   RO         4918    i.SCCB_WR_Byte      sccb.o
    0x0800a204   0x000000a0   Code   RO         4461    i.SDRAM_Init        sdram.o
    0x0800a2a4   0x00000040   Code   RO         4463    i.SDRAM_Send_Cmd    sdram.o
    0x0800a2e4   0x00000002   Code   RO          370    i.SVC_Handler       stm32f7xx_it.o
    0x0800a2e6   0x00000002   PAD
    0x0800a2e8   0x000000a0   Code   RO         4296    i.Stm32_Clock_Init  sys.o
    0x0800a388   0x00000004   Code   RO          371    i.SysTick_Handler   stm32f7xx_it.o
    0x0800a38c   0x00000058   Code   RO          442    i.SystemInit        system_stm32f7xx.o
    0x0800a3e4   0x0000000c   Code   RO         5021    i.TIM3_IRQHandler   timer.o
    0x0800a3f0   0x0000002c   Code   RO         5022    i.TIM3_Init         timer.o
    0x0800a41c   0x00000034   Code   RO         5574    i.TIM4_IRQHandler   usmart.o
    0x0800a450   0x000000c4   Code   RO         2016    i.TIM_Base_SetConfig  stm32f7xx_hal_tim.o
    0x0800a514   0x000000da   Code   RO         1480    i.UART_AdvFeatureConfig  stm32f7xx_hal_uart.o
    0x0800a5ee   0x00000060   Code   RO         1481    i.UART_CheckIdleState  stm32f7xx_hal_uart.o
    0x0800a64e   0x00000014   Code   RO         1482    i.UART_DMAAbortOnError  stm32f7xx_hal_uart.o
    0x0800a662   0x0000007c   Code   RO         1488    i.UART_Receive_IT   stm32f7xx_hal_uart.o
    0x0800a6de   0x00000002   PAD
    0x0800a6e0   0x0000028c   Code   RO         1489    i.UART_SetConfig    stm32f7xx_hal_uart.o
    0x0800a96c   0x00000074   Code   RO         1490    i.UART_WaitOnFlagUntilTimeout  stm32f7xx_hal_uart.o
    0x0800a9e0   0x00000078   Code   RO         4343    i.USART1_IRQHandler  usart.o
    0x0800aa58   0x00000002   Code   RO          372    i.UsageFault_Handler  stm32f7xx_it.o
    0x0800aa5a   0x0000000e   Code   RO         5814    i._is_digit         c_w.l(__printf_wp.o)
    0x0800aa68   0x00000002   Code   RO         4344    i._sys_exit         usart.o
    0x0800aa6a   0x00000002   PAD
    0x0800aa6c   0x00000014   Code   RO         4254    i.delay_init        delay.o
    0x0800aa80   0x0000004c   Code   RO         4255    i.delay_ms          delay.o
    0x0800aacc   0x00000034   Code   RO         4256    i.delay_us          delay.o
    0x0800ab00   0x00000014   Code   RO         4345    i.fputc             usart.o
    0x0800ab14   0x000000d8   Code   RO            4    i.jpeg_data_process  main.o
    0x0800abec   0x000000ac   Code   RO            5    i.jpeg_dcmi_rx_callback  main.o
    0x0800ac98   0x000003ac   Code   RO            6    i.jpeg_test         main.o
    0x0800b044   0x000001f0   Code   RO            7    i.main              main.o
    0x0800b234   0x00000070   Code   RO         5362    i.mt9v034_WriteReg16  mt9v034.o
    0x0800b2a4   0x000002f0   Code   RO         5363    i.mt9v034_context_configuration  mt9v034.o
    0x0800b594   0x00000004   Code   RO         5576    i.read_addr         usmart.o
    0x0800b598   0x000002ec   Code   RO            8    i.rgb565_test       main.o
    0x0800b884   0x00000048   Code   RO            9    i.rgblcd_dcmi_rx_callback  main.o
    0x0800b8cc   0x00000024   Code   RO         4346    i.uart_init         usart.o
    0x0800b8f0   0x0000007c   Code   RO         5065    i.usart2_init       usart2.o
    0x0800b96c   0x000000b0   Code   RO         5577    i.usmart_cmd_rec    usmart.o
    0x0800ba1c   0x000002b8   Code   RO         5578    i.usmart_exe        usmart.o
    0x0800bcd4   0x000000ae   Code   RO         5661    i.usmart_get_aparm  usmart_str.o
    0x0800bd82   0x00000046   Code   RO         5662    i.usmart_get_cmdname  usmart_str.o
    0x0800bdc8   0x000001b0   Code   RO         5663    i.usmart_get_fname  usmart_str.o
    0x0800bf78   0x0000012c   Code   RO         5664    i.usmart_get_fparam  usmart_str.o
    0x0800c0a4   0x00000028   Code   RO         5665    i.usmart_get_parmpos  usmart_str.o
    0x0800c0cc   0x0000006c   Code   RO         5580    i.usmart_init       usmart.o
    0x0800c138   0x000000ac   Code   RO         5582    i.usmart_scan       usmart.o
    0x0800c1e4   0x000000f8   Code   RO         5668    i.usmart_str2num    usmart_str.o
    0x0800c2dc   0x0000001a   Code   RO         5669    i.usmart_strcmp     usmart_str.o
    0x0800c2f6   0x00000002   PAD
    0x0800c2f8   0x00000698   Code   RO         5583    i.usmart_sys_cmd_exe  usmart.o
    0x0800c990   0x00000004   Code   RO         5584    i.write_addr        usmart.o
    0x0800c994   0x0000000a   Code   RO         5940    x$fpl$fpinit        fz_wv.l(fpinit.o)
    0x0800c99e   0x00000030   Data   RO           12    .constdata          main.o
    0x0800c9ce   0x00000010   Data   RO          443    .constdata          system_stm32f7xx.o
    0x0800c9de   0x00000008   Data   RO          444    .constdata          system_stm32f7xx.o
    0x0800c9e6   0x00000008   Data   RO          908    .constdata          stm32f7xx_hal_dma.o
    0x0800c9ee   0x00004740   Data   RO         4551    .constdata          lcd.o
    0x0801112e   0x000014e3   Data   RO         5239    .constdata          ov5640.o
    0x08012611   0x00000028   Data   RO         5787    .constdata          c_w.l(_printf_hex_int.o)
    0x08012639   0x00000011   Data   RO         5822    .constdata          c_w.l(__printf_flags_ss_wp.o)
    0x0801264a   0x00000002   PAD
    0x0801264c   0x00000091   Data   RO           13    .conststring        main.o
    0x080126dd   0x00000003   PAD
    0x080126e0   0x00000028   Data   RO         5586    .conststring        usmart.o
    0x08012708   0x000002d6   Data   RO         5740    .conststring        usmart_config.o
    0x080129de   0x00000002   PAD
    0x080129e0   0x00000020   Data   RO         6003    Region$$Table       anon$$obj.o


    Execution Region RW_IRAM1 (Base: 0x20020000, Size: 0x00004ff8, Max: 0x00060000, ABSOLUTE, COMPRESSED[0x000000f8])

    Base Addr    Size         Type   Attr      Idx    E Section Name        Object

    0x20020000   0x0000005c   Data   RW           14    .data               main.o
    0x2002005c   0x00000004   Data   RW          445    .data               system_stm32f7xx.o
    0x20020060   0x00000004   Data   RW          632    .data               stm32f7xx_hal.o
    0x20020064   0x00000004   Data   RW         4257    .data               delay.o
    0x20020068   0x00000002   Data   RW         4348    .data               usart.o
    0x2002006a   0x00000002   PAD
    0x2002006c   0x00000004   Data   RW         4349    .data               usart.o
    0x20020070   0x00000001   Data   RW         4429    .data               key.o
    0x20020071   0x00000003   PAD
    0x20020074   0x00000008   Data   RW         4552    .data               lcd.o
    0x2002007c   0x00000008   Data   RW         4755    .data               ltdc.o
    0x20020084   0x00000008   Data   RW         5146    .data               dcmi.o
    0x2002008c   0x00000040   Data   RW         5365    .data               mt9v034.o
    0x200200cc   0x0000001c   Data   RW         5587    .data               usmart.o
    0x200200e8   0x00000098   Data   RW         5741    .data               usmart_config.o
    0x20020180   0x000000f4   Data   RW         5742    .data               usmart_config.o
    0x20020274   0x00004000   Zero   RW           11    .bss                main.o
    0x20024274   0x00000138   Zero   RW         4347    .bss                usart.o
    0x200243ac   0x00000034   Zero   RW         4464    .bss                sdram.o
    0x200243e0   0x0000005a   Zero   RW         4550    .bss                lcd.o
    0x2002443a   0x00000002   PAD
    0x2002443c   0x000000c8   Zero   RW         4753    .bss                ltdc.o
    0x20024504   0x0000003c   Zero   RW         5023    .bss                timer.o
    0x20024540   0x00000070   Zero   RW         5066    .bss                usart2.o
    0x200245b0   0x000000b0   Zero   RW         5145    .bss                dcmi.o
    0x20024660   0x000002f8   Zero   RW         5420    .bss                settings.o
    0x20024958   0x0000003c   Zero   RW         5585    .bss                usmart.o
    0x20024994   0x00000060   Zero   RW         5882    .bss                c_w.l(libspace.o)
    0x200249f4   0x00000004   PAD
    0x200249f8   0x00000200   Zero   RW          598    HEAP                startup_stm32f767xx.o
    0x20024bf8   0x00000400   Zero   RW          597    STACK               startup_stm32f767xx.o



  Load Region LR$$.ARM.__AT_0xC0000000 (Base: 0xc0000000, Size: 0x00000000, Max: 0x001f4000, ABSOLUTE)

    Execution Region ER$$.ARM.__AT_0xC0000000 (Base: 0xc0000000, Size: 0x001f4000, Max: 0x001f4000, ABSOLUTE, UNINIT)

    Base Addr    Size         Type   Attr      Idx    E Section Name        Object

    0xc0000000   0x001f4000   Zero   RW         4752    .ARM.__AT_0xC0000000  ltdc.o



  Load Region LR$$.ARM.__AT_0xC01F4000 (Base: 0xc01f4000, Size: 0x00000000, Max: 0x07800000, ABSOLUTE)

    Execution Region ER$$.ARM.__AT_0xC01F4000 (Base: 0xc01f4000, Size: 0x07800000, Max: 0x07800000, ABSOLUTE, UNINIT)

    Base Addr    Size         Type   Attr      Idx    E Section Name        Object

    0xc01f4000   0x07800000   Zero   RW           10    .ARM.__AT_0xC01F4000  main.o


==============================================================================

Image component sizes


      Code (inc. data)   RO Data    RW Data    ZI Data      Debug   Object Name

       992        152          0          8        176       7267   dcmi.o
       148         16          0          4          0       2547   delay.o
       360         32          0          1          0       1894   key.o
     23462        246      18240          8         90      87693   lcd.o
        76          8          0          0          0        943   led.o
      1532        132          0          8    2048200       9632   ltdc.o
      2644        624        193         92  125845504     513805   main.o
       286         64          0          0          0      33680   mpu.o
       864          8          0         64          0       4825   mt9v034.o
       532         28          0          0          0       3574   myiic.o
      1702         42       5347          0          0      13531   ov5640.o
       124         10          0          0          0       1338   pcf8574.o
       528         28          0          0          0       4506   sccb.o
       448         40          0          0         52       3092   sdram.o
         0          0          0          0        760       2266   settings.o
        64         26        504          0       1536        872   startup_stm32f767xx.o
       104         22          0          4          0       3419   stm32f7xx_hal.o
       310         22          0          0          0      36432   stm32f7xx_hal_cortex.o
       426         12          0          0          0       5941   stm32f7xx_hal_dcmi.o
       638         20          8          0          0       4539   stm32f7xx_hal_dma.o
       124          0          0          0          0       1553   stm32f7xx_hal_dma_ex.o
       588         16          0          0          0       3700   stm32f7xx_hal_gpio.o
       980          6          0          0          0       4505   stm32f7xx_hal_ltdc.o
       124         10          0          0          0       1352   stm32f7xx_hal_pwr_ex.o
       636         64          0          0          0       3886   stm32f7xx_hal_rcc.o
      2844         62          0          0          0       3848   stm32f7xx_hal_rcc_ex.o
       148          0          0          0          0       2724   stm32f7xx_hal_sdram.o
        86          0          0          0          0       1216   stm32f7xx_hal_sram.o
       668         20          0          0          0       7627   stm32f7xx_hal_tim.o
         4          0          0          0          0       1986   stm32f7xx_hal_tim_ex.o
      2034         40          0          0          0      10347   stm32f7xx_hal_uart.o
        18          0          0          0          0       3870   stm32f7xx_it.o
       630         12          0          0          0       5848   stm32f7xx_ll_fmc.o
       200         16          0          0          0       1714   stm32fxxx_hal_msp.o
       296         28          0          0          0      33513   sys.o
        88         24         24          4          0       1207   system_stm32f7xx.o
       180         64          0          0         60       3017   timer.o
       322         38          0          6        312       4967   usart.o
       124         22          0          0        112       1319   usart2.o
      2900       1342         40         28         60       7303   usmart.o
         0          0        726        396          0       1704   usmart_config.o
      1290         18          0          0          0       7651   usmart_str.o

    ----------------------------------------------------------------------
     49570       3318      25119        628  127896864     856653   Object Totals
         0          0         32          0          0          0   (incl. Generated)
        46          4          5          5          2          0   (incl. Padding)

    ----------------------------------------------------------------------

      Code (inc. data)   RO Data    RW Data    ZI Data      Debug   Library Member Name

        90          0          0          0          0          0   __dczerorl2.o
         8          0          0          0          0         68   __main.o
       392          4         17          0          0         92   __printf_flags_ss_wp.o
        14          0          0          0          0         68   __printf_wp.o
         0          0          0          0          0          0   __rtentry.o
        12          0          0          0          0          0   __rtentry2.o
         6          0          0          0          0          0   __rtentry4.o
        52          8          0          0          0          0   __scatter.o
        28          0          0          0          0          0   __scatter_zi.o
         6          0          0          0          0          0   _printf_c.o
        44          0          0          0          0        108   _printf_char.o
        48          6          0          0          0         96   _printf_char_common.o
        36          4          0          0          0         80   _printf_char_file.o
         6          0          0          0          0          0   _printf_d.o
       120         16          0          0          0         92   _printf_dec.o
        88          4         40          0          0         88   _printf_hex_int.o
       178          0          0          0          0         88   _printf_intcommon.o
        78          0          0          0          0        108   _printf_pad.o
         0          0          0          0          0          0   _printf_percent.o
         4          0          0          0          0          0   _printf_percent_end.o
         6          0          0          0          0          0   _printf_s.o
        82          0          0          0          0         80   _printf_str.o
         6          0          0          0          0          0   _printf_u.o
         6          0          0          0          0          0   _printf_x.o
        10          0          0          0          0         68   _sputc.o
        12          0          0          0          0         72   exit.o
         8          0          0          0          0         68   ferror.o
         6          0          0          0          0        152   heapauxi.o
         2          0          0          0          0          0   libinit.o
         6          0          0          0          0          0   libinit2.o
         2          0          0          0          0          0   libshutdown.o
         2          0          0          0          0          0   libshutdown2.o
         8          4          0          0         96         68   libspace.o
        24          4          0          0          0         84   noretval__2printf.o
        40          6          0          0          0         84   noretval__2sprintf.o
         2          0          0          0          0          0   rtexit.o
        10          0          0          0          0          0   rtexit2.o
        74          0          0          0          0         80   sys_stackheap_outer.o
         2          0          0          0          0         68   use_no_semi.o
         2          0          0          0          0         68   use_no_semi_2.o
        10          0          0          0          0        116   fpinit.o

    ----------------------------------------------------------------------
      1540         56         59          0        100       1896   Library Totals
        10          0          2          0          4          0   (incl. Padding)

    ----------------------------------------------------------------------

      Code (inc. data)   RO Data    RW Data    ZI Data      Debug   Library Name

      1520         56         57          0         96       1780   c_w.l
        10          0          0          0          0        116   fz_wv.l

    ----------------------------------------------------------------------
      1540         56         59          0        100       1896   Library Totals

    ----------------------------------------------------------------------

==============================================================================


      Code (inc. data)   RO Data    RW Data    ZI Data      Debug   

     51110       3374      25178        628  127896964     839265   Grand Totals
     51110       3374      25178        248  127896964     839265   ELF Image Totals (compressed)
     51110       3374      25178        248          0          0   ROM Totals

==============================================================================

    Total RO  Size (Code + RO Data)                76288 (  74.50kB)
    Total RW  Size (RW Data + ZI Data)         127897592 (124899.99kB)
    Total ROM Size (Code + RO Data + RW Data)      76536 (  74.74kB)

==============================================================================

